This is pdfTeX, Version 3.141592653-2.6-1.40.29 (TeX Live 2026) (preloaded format=pdflatex 2026.4.26)  1 JUL 2026 21:04
entering extended mode
 restricted \write18 enabled.
 %&-line parsing enabled.
**widrow1990_final.tex
(./widrow1990_final.tex
LaTeX2e <2025-11-01>
L3 programming layer <2026-03-20>
(c:/texlive/2026/texmf-dist/tex/latex/base/article.cls
Document Class: article 2025/01/22 v1.4n Standard LaTeX document class
(c:/texlive/2026/texmf-dist/tex/latex/base/size11.clo
File: size11.clo 2025/01/22 v1.4n Standard LaTeX file (size option)
)
\c@part=\count275
\c@section=\count276
\c@subsection=\count277
\c@subsubsection=\count278
\c@paragraph=\count279
\c@subparagraph=\count280
\c@figure=\count281
\c@table=\count282
\abovecaptionskip=\skip49
\belowcaptionskip=\skip50
\bibindent=\dimen150
)
(c:/texlive/2026/texmf-dist/tex/latex/base/inputenc.sty
Package: inputenc 2024/02/08 v1.3d Input encoding file
\inpenc@prehook=\toks17
\inpenc@posthook=\toks18
)
(c:/texlive/2026/texmf-dist/tex/latex/base/fontenc.sty
Package: fontenc 2025/07/18 v2.1d Standard LaTeX package
)
(c:/texlive/2026/texmf-dist/tex/generic/babel/babel.sty
Package: babel 2026/04/15 v26.6 The multilingual framework for LuaLaTeX, pdfLaT
eX and XeLaTeX
\babel@savecnt=\count283
LaTeX Encoding Info:    Redeclaring text command \ij (encoding OT1) on input li
ne 2078.
LaTeX Encoding Info:    Redeclaring text command \IJ (encoding OT1) on input li
ne 2080.
LaTeX Encoding Info:    Redeclaring text command \ij (encoding T1) on input lin
e 2082.
LaTeX Encoding Info:    Redeclaring text command \IJ (encoding T1) on input lin
e 2083.
LaTeX Encoding Info:    Ignoring declaration for text command \ij (encoding ?) 
on input line 2084.
LaTeX Encoding Info:    Ignoring declaration for text command \IJ (encoding ?) 
on input line 2086.
LaTeX Encoding Info:    Ignoring declaration for text command \SS (encoding ?) 
on input line 2111.
\U@D=\dimen151
\l@unhyphenated=\language91

(c:/texlive/2026/texmf-dist/tex/generic/babel/txtbabel.def)
\bbl@readstream=\read2
\bbl@dirlevel=\count284

(c:/texlive/2026/texmf-dist/tex/generic/babel/locale/en/babel-english.tex)
Package babel Info: Importing font and identification data for english
(babel)             from babel-en.ini. Reported on input line 4330.

(c:/texlive/2026/texmf-dist/tex/generic/babel-english/english.ldf
Language: english 2017/06/06 v3.3r English support from the babel system
Package babel Info: Hyphen rules for 'canadian' set to \l@english
(babel)             (\language0). Reported on input line 102.
Package babel Info: Hyphen rules for 'australian' set to \l@ukenglish
(babel)             (\language22). Reported on input line 105.
Package babel Info: Hyphen rules for 'newzealand' set to \l@ukenglish
(babel)             (\language22). Reported on input line 108.
))
(c:/texlive/2026/texmf-dist/tex/latex/amsmath/amsmath.sty
Package: amsmath 2025/07/09 v2.17z AMS math features
\@mathmargin=\skip51

For additional information on amsmath, use the `?' option.
(c:/texlive/2026/texmf-dist/tex/latex/amsmath/amstext.sty
Package: amstext 2024/11/17 v2.01 AMS text

(c:/texlive/2026/texmf-dist/tex/latex/amsmath/amsgen.sty
File: amsgen.sty 1999/11/30 v2.0 generic functions
\@emptytoks=\toks19
\ex@=\dimen152
))
(c:/texlive/2026/texmf-dist/tex/latex/amsmath/amsbsy.sty
Package: amsbsy 1999/11/29 v1.2d Bold Symbols
\pmbraise@=\dimen153
)
(c:/texlive/2026/texmf-dist/tex/latex/amsmath/amsopn.sty
Package: amsopn 2022/04/08 v2.04 operator names
)
\inf@bad=\count285
LaTeX Info: Redefining \frac on input line 233.
\uproot@=\count286
\leftroot@=\count287
LaTeX Info: Redefining \overline on input line 398.
LaTeX Info: Redefining \colon on input line 409.
\classnum@=\count288
\DOTSCASE@=\count289
LaTeX Info: Redefining \ldots on input line 495.
LaTeX Info: Redefining \dots on input line 498.
LaTeX Info: Redefining \cdots on input line 619.
\Mathstrutbox@=\box53
\strutbox@=\box54
LaTeX Info: Redefining \big on input line 721.
LaTeX Info: Redefining \Big on input line 722.
LaTeX Info: Redefining \bigg on input line 723.
LaTeX Info: Redefining \Bigg on input line 724.
\big@size=\dimen154
LaTeX Font Info:    Redeclaring font encoding OML on input line 742.
LaTeX Font Info:    Redeclaring font encoding OMS on input line 743.
\macc@depth=\count290
LaTeX Info: Redefining \bmod on input line 904.
LaTeX Info: Redefining \pmod on input line 909.
LaTeX Info: Redefining \smash on input line 939.
LaTeX Info: Redefining \relbar on input line 969.
LaTeX Info: Redefining \Relbar on input line 970.
\c@MaxMatrixCols=\count291
\dotsspace@=\muskip17
\c@parentequation=\count292
\dspbrk@lvl=\count293
\tag@help=\toks20
\row@=\count294
\column@=\count295
\maxfields@=\count296
\andhelp@=\toks21
\eqnshift@=\dimen155
\alignsep@=\dimen156
\tagshift@=\dimen157
\tagwidth@=\dimen158
\totwidth@=\dimen159
\lineht@=\dimen160
\@envbody=\toks22
\multlinegap=\skip52
\multlinetaggap=\skip53
\mathdisplay@stack=\toks23
LaTeX Info: Redefining \[ on input line 2950.
LaTeX Info: Redefining \] on input line 2951.
)
(c:/texlive/2026/texmf-dist/tex/latex/amsfonts/amssymb.sty
Package: amssymb 2013/01/14 v3.01 AMS font symbols

(c:/texlive/2026/texmf-dist/tex/latex/amsfonts/amsfonts.sty
Package: amsfonts 2013/01/14 v3.01 Basic AMSFonts support
\symAMSa=\mathgroup4
\symAMSb=\mathgroup5
LaTeX Font Info:    Redeclaring math symbol \hbar on input line 98.
LaTeX Font Info:    Overwriting math alphabet `\mathfrak' in version `bold'
(Font)                  U/euf/m/n --> U/euf/b/n on input line 106.
))
(c:/texlive/2026/texmf-dist/tex/latex/graphics/graphicx.sty
Package: graphicx 2024/12/31 v1.2e Enhanced LaTeX Graphics (DPC,SPQR)

(c:/texlive/2026/texmf-dist/tex/latex/graphics/keyval.sty
Package: keyval 2022/05/29 v1.15 key=value parser (DPC)
\KV@toks@=\toks24
)
(c:/texlive/2026/texmf-dist/tex/latex/graphics/graphics.sty
Package: graphics 2024/08/06 v1.4g Standard LaTeX Graphics (DPC,SPQR)

(c:/texlive/2026/texmf-dist/tex/latex/graphics/trig.sty
Package: trig 2023/12/02 v1.11 sin cos tan (DPC)
)
(c:/texlive/2026/texmf-dist/tex/latex/graphics-cfg/graphics.cfg
File: graphics.cfg 2016/06/04 v1.11 sample graphics configuration
)
Package graphics Info: Driver file: pdftex.def on input line 106.

(c:/texlive/2026/texmf-dist/tex/latex/graphics-def/pdftex.def
File: pdftex.def 2025/09/29 v1.2d Graphics/color driver for pdftex
))
\Gin@req@height=\dimen161
\Gin@req@width=\dimen162
)
(c:/texlive/2026/texmf-dist/tex/latex/geometry/geometry.sty
Package: geometry 2026/03/07 v6.0 Page Geometry

(c:/texlive/2026/texmf-dist/tex/generic/iftex/ifvtex.sty
Package: ifvtex 2019/10/25 v1.7 ifvtex legacy package. Use iftex instead.

(c:/texlive/2026/texmf-dist/tex/generic/iftex/iftex.sty
Package: iftex 2024/12/12 v1.0g TeX engine tests
))
\Gm@cnth=\count297
\Gm@cntv=\count298
\c@Gm@tempcnt=\count299
\Gm@bindingoffset=\dimen163
\Gm@wd@mp=\dimen164
\Gm@odd@mp=\dimen165
\Gm@even@mp=\dimen166
\Gm@layoutwidth=\dimen167
\Gm@layoutheight=\dimen168
\Gm@layouthoffset=\dimen169
\Gm@layoutvoffset=\dimen170
\Gm@dimlist=\toks25
)
(c:/texlive/2026/texmf-dist/tex/latex/float/float.sty
Package: float 2001/11/08 v1.3d Float enhancements (AL)
\c@float@type=\count300
\float@exts=\toks26
\float@box=\box55
\@float@everytoks=\toks27
\@floatcapt=\box56
)
(c:/texlive/2026/texmf-dist/tex/latex/caption/caption.sty
Package: caption 2023/08/05 v3.6o Customizing captions (AR)

(c:/texlive/2026/texmf-dist/tex/latex/caption/caption3.sty
Package: caption3 2023/07/31 v2.4d caption3 kernel (AR)
\caption@tempdima=\dimen171
\captionmargin=\dimen172
\caption@leftmargin=\dimen173
\caption@rightmargin=\dimen174
\caption@width=\dimen175
\caption@indent=\dimen176
\caption@parindent=\dimen177
\caption@hangindent=\dimen178
Package caption Info: Standard document class detected.
)
\c@caption@flags=\count301
\c@continuedfloat=\count302
Package caption Info: float package is loaded.
)
(c:/texlive/2026/texmf-dist/tex/latex/hyperref/hyperref.sty
Package: hyperref 2026-04-24 v7.01q Hypertext links for LaTeX

(c:/texlive/2026/texmf-dist/tex/latex/kvsetkeys/kvsetkeys.sty
Package: kvsetkeys 2022-10-05 v1.19 Key value parser (HO)
)
(c:/texlive/2026/texmf-dist/tex/generic/kvdefinekeys/kvdefinekeys.sty
Package: kvdefinekeys 2019-12-19 v1.6 Define keys (HO)
)
(c:/texlive/2026/texmf-dist/tex/generic/pdfescape/pdfescape.sty
Package: pdfescape 2019/12/09 v1.15 Implements pdfTeX's escape features (HO)

(c:/texlive/2026/texmf-dist/tex/generic/ltxcmds/ltxcmds.sty
Package: ltxcmds 2023-12-04 v1.26 LaTeX kernel commands for general use (HO)
)
(c:/texlive/2026/texmf-dist/tex/generic/pdftexcmds/pdftexcmds.sty
Package: pdftexcmds 2020-06-27 v0.33 Utility functions of pdfTeX for LuaTeX (HO
)

(c:/texlive/2026/texmf-dist/tex/generic/infwarerr/infwarerr.sty
Package: infwarerr 2019/12/03 v1.5 Providing info/warning/error messages (HO)
)
Package pdftexcmds Info: \pdf@primitive is available.
Package pdftexcmds Info: \pdf@ifprimitive is available.
Package pdftexcmds Info: \pdfdraftmode found.
))
(c:/texlive/2026/texmf-dist/tex/latex/hycolor/hycolor.sty
Package: hycolor 2020-01-27 v1.10 Color options for hyperref/bookmark (HO)
)
(c:/texlive/2026/texmf-dist/tex/latex/hyperref/nameref.sty
Package: nameref 2026-01-29 v2.58 Cross-referencing by name of section

(c:/texlive/2026/texmf-dist/tex/latex/refcount/refcount.sty
Package: refcount 2019/12/15 v3.6 Data extraction from label references (HO)
)
(c:/texlive/2026/texmf-dist/tex/generic/gettitlestring/gettitlestring.sty
Package: gettitlestring 2019/12/15 v1.6 Cleanup title references (HO)

(c:/texlive/2026/texmf-dist/tex/latex/kvoptions/kvoptions.sty
Package: kvoptions 2022-06-15 v3.15 Key value format for package options (HO)
))
\c@section@level=\count303
)
(c:/texlive/2026/texmf-dist/tex/latex/etoolbox/etoolbox.sty
Package: etoolbox 2025/10/02 v2.5m e-TeX tools for LaTeX (JAW)
\etb@tempcnta=\count304
)
(c:/texlive/2026/texmf-dist/tex/generic/stringenc/stringenc.sty
Package: stringenc 2019/11/29 v1.12 Convert strings between diff. encodings (HO
)
)
\@linkdim=\dimen179
\Hy@linkcounter=\count305
\Hy@pagecounter=\count306

(c:/texlive/2026/texmf-dist/tex/latex/hyperref/pd1enc.def
File: pd1enc.def 2026-04-24 v7.01q Hyperref: PDFDocEncoding definition (HO)
Now handling font encoding PD1 ...
... no UTF-8 mapping file for font encoding PD1
)
(c:/texlive/2026/texmf-dist/tex/generic/intcalc/intcalc.sty
Package: intcalc 2019/12/15 v1.3 Expandable calculations with integers (HO)
)
\Hy@SavedSpaceFactor=\count307

(c:/texlive/2026/texmf-dist/tex/latex/hyperref/puenc.def
File: puenc.def 2026-04-24 v7.01q Hyperref: PDF Unicode definition (HO)
Now handling font encoding PU ...
... no UTF-8 mapping file for font encoding PU
)
Package hyperref Info: Hyper figures OFF on input line 4199.
Package hyperref Info: Link nesting OFF on input line 4204.
Package hyperref Info: Hyper index ON on input line 4207.
Package hyperref Info: Plain pages OFF on input line 4214.
Package hyperref Info: Backreferencing OFF on input line 4219.
Package hyperref Info: Implicit mode ON; LaTeX internals redefined.
Package hyperref Info: Bookmarks ON on input line 4466.
\c@Hy@tempcnt=\count308

(c:/texlive/2026/texmf-dist/tex/latex/url/url.sty
\Urlmuskip=\muskip18
Package: url 2013/09/16  ver 3.4  Verb mode for urls, etc.
)
LaTeX Info: Redefining \url on input line 4805.
\XeTeXLinkMargin=\dimen180

(c:/texlive/2026/texmf-dist/tex/generic/bitset/bitset.sty
Package: bitset 2019/12/09 v1.3 Handle bit-vector datatype (HO)

(c:/texlive/2026/texmf-dist/tex/generic/bigintcalc/bigintcalc.sty
Package: bigintcalc 2019/12/15 v1.5 Expandable calculations on big integers (HO
)
))
\Fld@menulength=\count309
\Field@Width=\dimen181
\Fld@charsize=\dimen182
Package hyperref Info: Hyper figures OFF on input line 6091.
Package hyperref Info: Link nesting OFF on input line 6096.
Package hyperref Info: Hyper index ON on input line 6099.
Package hyperref Info: backreferencing OFF on input line 6106.
Package hyperref Info: Link coloring OFF on input line 6111.
Package hyperref Info: Link coloring with OCG OFF on input line 6116.
Package hyperref Info: PDF/A mode OFF on input line 6121.
\Hy@abspage=\count310
\c@Item=\count311
\c@Hfootnote=\count312
)
Package hyperref Info: Driver (autodetected): hpdftex.

(c:/texlive/2026/texmf-dist/tex/latex/hyperref/hpdftex.def
File: hpdftex.def 2026-04-24 v7.01q Hyperref driver for pdfTeX
\Fld@listcount=\count313
\c@bookmark@seq@number=\count314

(c:/texlive/2026/texmf-dist/tex/latex/rerunfilecheck/rerunfilecheck.sty
Package: rerunfilecheck 2025-06-21 v1.11 Rerun checks for auxiliary files (HO)

(c:/texlive/2026/texmf-dist/tex/generic/uniquecounter/uniquecounter.sty
Package: uniquecounter 2019/12/15 v1.4 Provide unlimited unique counter (HO)
)
Package uniquecounter Info: New unique counter `rerunfilecheck' on input line 2
84.
)
\Hy@SectionHShift=\skip54
)
(c:/texlive/2026/texmf-dist/tex/latex/cite/cite.sty
LaTeX Info: Redefining \cite on input line 302.
LaTeX Info: Redefining \nocite on input line 332.
Package: cite 2015/02/27  v 5.5
)
Package hyperref Info: Option `colorlinks' set `true' on input line 13.

(c:/texlive/2026/texmf-dist/tex/latex/l3backend/l3backend-pdftex.def
File: l3backend-pdftex.def 2026-02-18 L3 backend support: PDF output (pdfTeX)
\l__color_backend_stack_int=\count315
)
(build/widrow1990_final.aux)
\openout1 = `widrow1990_final.aux'.

LaTeX Font Info:    Checking defaults for OML/cmm/m/it on input line 21.
LaTeX Font Info:    ... okay on input line 21.
LaTeX Font Info:    Checking defaults for OMS/cmsy/m/n on input line 21.
LaTeX Font Info:    ... okay on input line 21.
LaTeX Font Info:    Checking defaults for OT1/cmr/m/n on input line 21.
LaTeX Font Info:    ... okay on input line 21.
LaTeX Font Info:    Checking defaults for T1/cmr/m/n on input line 21.
LaTeX Font Info:    ... okay on input line 21.
LaTeX Font Info:    Checking defaults for TS1/cmr/m/n on input line 21.
LaTeX Font Info:    ... okay on input line 21.
LaTeX Font Info:    Checking defaults for OMX/cmex/m/n on input line 21.
LaTeX Font Info:    ... okay on input line 21.
LaTeX Font Info:    Checking defaults for U/cmr/m/n on input line 21.
LaTeX Font Info:    ... okay on input line 21.
LaTeX Font Info:    Checking defaults for PD1/pdf/m/n on input line 21.
LaTeX Font Info:    ... okay on input line 21.
LaTeX Font Info:    Checking defaults for PU/pdf/m/n on input line 21.
LaTeX Font Info:    ... okay on input line 21.

(c:/texlive/2026/texmf-dist/tex/context/base/mkii/supp-pdf.mkii
[Loading MPS to PDF converter (version 2006.09.02).]
\scratchcounter=\count316
\scratchdimen=\dimen183
\scratchbox=\box57
\nofMPsegments=\count317
\nofMParguments=\count318
\everyMPshowfont=\toks28
\MPscratchCnt=\count319
\MPscratchDim=\dimen184
\MPnumerator=\count320
\makeMPintoPDFobject=\count321
\everyMPtoPDFconversion=\toks29
) (c:/texlive/2026/texmf-dist/tex/latex/epstopdf-pkg/epstopdf-base.sty
Package: epstopdf-base 2020-01-24 v2.11 Base part for package epstopdf
Package epstopdf-base Info: Redefining graphics rule for `.eps' on input line 4
85.

(c:/texlive/2026/texmf-dist/tex/latex/latexconfig/epstopdf-sys.cfg
File: epstopdf-sys.cfg 2010/07/13 v1.3 Configuration of (r)epstopdf for TeX Liv
e
))
*geometry* driver: auto-detecting
*geometry* detected driver: pdftex
*geometry* verbose mode - [ preamble ] result:
* driver: pdftex
* paper: a4paper
* layout: <same size as paper>
* layoutoffset:(h,v)=(0.0pt,0.0pt)
* modes: 
* h-part:(L,W,R)=(62.59596pt, 472.31595pt, 62.59596pt)
* v-part:(T,H,B)=(62.59596pt, 719.85492pt, 62.59596pt)
* \paperwidth=597.50787pt
* \paperheight=845.04684pt
* \textwidth=472.31595pt
* \textheight=719.85492pt
* \oddsidemargin=-9.67403pt
* \evensidemargin=-9.67403pt
* \topmargin=-46.67403pt
* \headheight=12.0pt
* \headsep=25.0pt
* \topskip=11.0pt
* \footskip=30.0pt
* \marginparwidth=4.0pt
* \marginparsep=10.0pt
* \columnsep=19.91684pt
* \skip\footins=10.0pt plus 4.0pt minus 2.0pt
* \hoffset=0.0pt
* \voffset=0.0pt
* \mag=1000
* \@twocolumntrue
* \@twosidefalse
* \@mparswitchfalse
* \@reversemarginfalse
* (1in=72.27pt=25.4mm, 1cm=28.453pt)

Package caption Info: Begin \AtBeginDocument code.
Package caption Info: hyperref package is loaded.
Package caption Info: End \AtBeginDocument code.
(c:/texlive/2026/texmf-dist/tex/latex/graphics/color.sty
Package: color 2025/01/14 v1.3e Standard LaTeX Color (DPC)

(c:/texlive/2026/texmf-dist/tex/latex/graphics-cfg/color.cfg
File: color.cfg 2016/01/02 v1.6 sample color configuration
)
Package color Info: Driver file: pdftex.def on input line 149.

(c:/texlive/2026/texmf-dist/tex/latex/graphics/mathcolor.ltx))
Package hyperref Info: Link coloring ON on input line 21.

(build/widrow1990_final.out) (build/widrow1990_final.out)
\@outlinefile=\write3
\openout3 = `widrow1990_final.out'.

LaTeX Font Info:    Trying to load font information for U+msa on input line 23.


(c:/texlive/2026/texmf-dist/tex/latex/amsfonts/umsa.fd
File: umsa.fd 2013/01/14 v3.01 AMS symbols A
)
LaTeX Font Info:    Trying to load font information for U+msb on input line 23.


(c:/texlive/2026/texmf-dist/tex/latex/amsfonts/umsb.fd
File: umsb.fd 2013/01/14 v3.01 AMS symbols B
)
(build/widrow1990_final.toc)
\tf@toc=\write4
\openout4 = `widrow1990_final.toc'.

 [1{c:/texlive/2026/texmf-var/fonts/map/pdftex/updmap/pdftex.map}{c:/texlive/20
26/texmf-dist/fonts/enc/dvips/cm-super/cm-super-t1.enc}


]
Underfull \vbox (badness 10000) has occurred while \output is active []

 [2]
Underfull \vbox (badness 10000) has occurred while \output is active []


Underfull \vbox (badness 10000) has occurred while \output is active []

 [3]
Underfull \vbox (badness 10000) has occurred while \output is active []

 [4]
Underfull \vbox (badness 10000) has occurred while \output is active []

<figuras_recortadas/fig_01.png, id=33, 543.02875pt x 307.1475pt>
File: figuras_recortadas/fig_01.png Graphic file (type png)
<use figuras_recortadas/fig_01.png>
Package pdftex.def Info: figuras_recortadas/fig_01.png  used on input line 416.

(pdftex.def)             Requested size: 212.54073pt x 120.21822pt.
<figuras_recortadas/fig_02.png, id=34, 593.21625pt x 529.98pt>
File: figuras_recortadas/fig_02.png Graphic file (type png)
<use figuras_recortadas/fig_02.png>
Package pdftex.def Info: figuras_recortadas/fig_02.png  used on input line 423.

(pdftex.def)             Requested size: 212.54073pt x 189.88692pt.

Underfull \vbox (badness 10000) has occurred while \output is active []

 [5 <build/figuras_recortadas/fig_01.png (PNG copy)>]
Underfull \vbox (badness 10000) has occurred while \output is active []

 [6 <build/figuras_recortadas/fig_02.png (PNG copy)>]
<figuras_recortadas/fig_03.png, id=45, 635.37375pt x 166.6225pt>
File: figuras_recortadas/fig_03.png Graphic file (type png)
<use figuras_recortadas/fig_03.png>
Package pdftex.def Info: figuras_recortadas/fig_03.png  used on input line 539.

(pdftex.def)             Requested size: 212.54073pt x 55.73814pt.
<figuras_recortadas/fig_04.png, id=46, 635.37375pt x 270.00874pt>
File: figuras_recortadas/fig_04.png Graphic file (type png)
<use figuras_recortadas/fig_04.png>
Package pdftex.def Info: figuras_recortadas/fig_04.png  used on input line 546.

(pdftex.def)             Requested size: 212.54073pt x 90.32266pt.

Underfull \hbox (badness 1028) in paragraph at lines 556--669
[]\T1/cmr/m/n/10.95 absorbed by an Ada-line is ap-prox-i-mately
 []


Underfull \vbox (badness 10000) has occurred while \output is active []

 [7 <build/figuras_recortadas/fig_03.png (PNG copy)> <build/figuras_recortadas/
fig_04.png (PNG copy)>]
<figuras_recortadas/fig_05.png, id=54, 625.33624pt x 130.4875pt>
File: figuras_recortadas/fig_05.png Graphic file (type png)
<use figuras_recortadas/fig_05.png>
Package pdftex.def Info: figuras_recortadas/fig_05.png  used on input line 675.

(pdftex.def)             Requested size: 212.54073pt x 44.34923pt.

Underfull \vbox (badness 10000) has occurred while \output is active []

<figuras_recortadas/fig_06.png, id=55, 693.59125pt x 164.615pt>
File: figuras_recortadas/fig_06.png Graphic file (type png)
<use figuras_recortadas/fig_06.png>
Package pdftex.def Info: figuras_recortadas/fig_06.png  used on input line 683.

(pdftex.def)             Requested size: 212.54073pt x 50.44235pt.
 [8 <build/figuras_recortadas/fig_05.png (PNG copy)> <build/figuras_recortadas/
fig_06.png (PNG copy)>]
Underfull \vbox (badness 10000) has occurred while \output is active []

<figuras_recortadas/fig_07.png, id=62, 543.02875pt x 501.875pt>
File: figuras_recortadas/fig_07.png Graphic file (type png)
<use figuras_recortadas/fig_07.png>
Package pdftex.def Info: figuras_recortadas/fig_07.png  used on input line 793.

(pdftex.def)             Requested size: 212.54073pt x 196.43498pt.

Underfull \vbox (badness 10000) has occurred while \output is active []

 [9]
<figuras_recortadas/fig_08.png, id=67, 596.2275pt x 669.50125pt>
File: figuras_recortadas/fig_08.png Graphic file (type png)
<use figuras_recortadas/fig_08.png>
Package pdftex.def Info: figuras_recortadas/fig_08.png  used on input line 800.

(pdftex.def)             Requested size: 212.54073pt x 238.66043pt.
<figuras_recortadas/fig_09.png, id=68, 596.2275pt x 431.6125pt>
File: figuras_recortadas/fig_09.png Graphic file (type png)
<use figuras_recortadas/fig_09.png>
Package pdftex.def Info: figuras_recortadas/fig_09.png  used on input line 807.

(pdftex.def)             Requested size: 212.54073pt x 153.85904pt.

Underfull \vbox (badness 10000) has occurred while \output is active []

 [10 <build/figuras_recortadas/fig_07.png (PNG copy)> <build/figuras_recortadas
/fig_08.png (PNG copy)> <build/figuras_recortadas/fig_09.png (PNG copy)>]
Underfull \vbox (badness 10000) has occurred while \output is active []

<figuras_recortadas/fig_10.png, id=76, 624.3325pt x 132.495pt>
File: figuras_recortadas/fig_10.png Graphic file (type png)
<use figuras_recortadas/fig_10.png>
Package pdftex.def Info: figuras_recortadas/fig_10.png  used on input line 928.

(pdftex.def)             Requested size: 212.54073pt x 45.1043pt.
<figuras_recortadas/fig_11.png, id=77, 624.3325pt x 297.11pt>
File: figuras_recortadas/fig_11.png Graphic file (type png)
<use figuras_recortadas/fig_11.png>
Package pdftex.def Info: figuras_recortadas/fig_11.png  used on input line 936.

(pdftex.def)             Requested size: 212.54073pt x 101.14299pt.
 [11 <build/figuras_recortadas/fig_10.png (PNG copy)> <build/figuras_recortadas
/fig_11.png (PNG copy)>]
Underfull \hbox (badness 1708) in paragraph at lines 946--1098
\T1/cmr/m/n/10.95 layerfully con-nected feed-for-ward net-work of
 []


Underfull \vbox (badness 10000) has occurred while \output is active []


Underfull \vbox (badness 10000) has occurred while \output is active []

 [12]
Underfull \hbox (badness 10000) in paragraph at lines 1112--1240
[]\T1/cmr/m/n/10.95 application since the 1960s to draw
 []


Underfull \hbox (badness 1701) in paragraph at lines 1112--1240
\T1/cmr/m/n/10.95 widespread at-ten-tion. NETtalk is a two-
 []


Underfull \hbox (badness 1803) in paragraph at lines 1112--1240
\T1/cmr/m/n/10.95 layer feed-for-ward sig-moid net-work with 80
 []


Underfull \hbox (badness 2762) in paragraph at lines 1112--1240
\T1/cmr/m/n/10.95 cor-re-spond-ing to the pro-nun-ci-a-tion of the
 []


Underfull \hbox (badness 1454) in paragraph at lines 1112--1240
\T1/cmr/m/n/10.95 some-times must ex-per iment with dif-fer-ent
 []


Underfull \hbox (badness 1226) in paragraph at lines 1112--1240
\T1/cmr/m/n/10.95 for other prob-lems such as those in-volv-ing
 []


Underfull \hbox (badness 1168) in paragraph at lines 1112--1240
\T1/cmr/m/n/10.95 non-lin-ear con-trol [SO], sys-tem iden-ti-fi-ca-tion
 []


Underfull \hbox (badness 2142) in paragraph at lines 1112--1240
\T1/cmr/m/n/10.95 prin-ci-ple. These techniques-the two LMS
 []


Underfull \hbox (badness 3281) in paragraph at lines 1112--1240
\T1/cmr/m/n/10.95 pro-ce-dure-for-train-ingas-in-gle Ada-line, theMRI
 []


Underfull \hbox (badness 10000) in paragraph at lines 1112--1240
\T1/cmr/m/n/10.95 rule-for-train-ingth-es-im-ple-Mada-line,aswell asM-
 []


Underfull \hbox (badness 1472) in paragraph at lines 1112--1240
\T1/cmr/m/n/10.95 sev-eral months as an error-reduc tion rule
 []


Underfull \hbox (badness 3302) in paragraph at lines 1112--1240
\T1/cmr/m/n/10.95 path of steep-est de-scent and min-i-mizethe
 []


Underfull \hbox (badness 5802) in paragraph at lines 1112--1240
\T1/cmr/m/n/10.95 RULES-SINGLE THRESH-OLD EL-E-MENT
 []


Underfull \hbox (badness 1688) in paragraph at lines 1112--1240
\T1/cmr/m/n/10.95 As adap-tive al-go-rithms evolved, prin-ci-pally
 []


Underfull \hbox (badness 1331) in paragraph at lines 1112--1240
\T1/cmr/m/n/10.95 are not eas-i-lyquan-ti-fied, or-when a prob-lem
 []


Underfull \hbox (badness 1629) in paragraph at lines 1112--1240
\T1/cmr/m/n/10.95 com-mon ap-pli-ca-tion, for in-stance, con-cerns
 []


Underfull \hbox (badness 1478) in paragraph at lines 1112--1240
\T1/cmr/m/n/10.95 rules ap-plied ini-tially to sin-gle Ada-line el-
 []


Underfull \hbox (badness 1132) in paragraph at lines 1112--1240
\T1/cmr/m/n/10.95 e-ments, and then to net-works of Ada-lines.
 []


Underfull \hbox (badness 1033) in paragraph at lines 1112--1240
\T1/cmr/m/n/10.95 al-ter the weights of the adap-tive thresh-old
 []


Underfull \vbox (badness 10000) has occurred while \output is active []

 [13]
Underfull \vbox (badness 10000) has occurred while \output is active []

 [14]
Underfull \vbox (badness 10000) has occurred while \output is active []

<figuras_recortadas/fig_12.png, id=97, 694.595pt x 273.02pt>
File: figuras_recortadas/fig_12.png Graphic file (type png)
<use figuras_recortadas/fig_12.png>
Package pdftex.def Info: figuras_recortadas/fig_12.png  used on input line 1377
.
(pdftex.def)             Requested size: 212.54073pt x 83.53967pt.
<figuras_recortadas/fig_13.png, id=98, 599.23875pt x 669.50125pt>
File: figuras_recortadas/fig_13.png Graphic file (type png)
<use figuras_recortadas/fig_13.png>
Package pdftex.def Info: figuras_recortadas/fig_13.png  used on input line 1384
.
(pdftex.def)             Requested size: 212.54073pt x 237.45497pt.
 [15{c:/texlive/2026/texmf-dist/fonts/enc/dvips/cm-super/cm-super-ts1.enc} <bui
ld/figuras_recortadas/fig_12.png (PNG copy)>]
Underfull \vbox (badness 10000) has occurred while \output is active []

 [16 <build/figuras_recortadas/fig_13.png (PNG copy)>]
Underfull \vbox (badness 10000) has occurred while \output is active []

<figuras_recortadas/fig_14.png, id=110, 630.355pt x 386.44376pt>
File: figuras_recortadas/fig_14.png Graphic file (type png)
<use figuras_recortadas/fig_14.png>
Package pdftex.def Info: figuras_recortadas/fig_14.png  used on input line 1515
.
(pdftex.def)             Requested size: 212.54073pt x 130.29825pt.
 [17 <build/figuras_recortadas/fig_14.png (PNG copy)>]
Underfull \hbox (badness 1072) in paragraph at lines 1525--1652
\T1/cmr/m/n/10.95 use some of these al-go-rithms are dis-cussed
 []


Underfull \vbox (badness 10000) has occurred while \output is active []


Underfull \vbox (badness 10000) has occurred while \output is active []

 [18]
<figuras_recortadas/fig_15.png, id=120, 710.655pt x 247.92625pt>
File: figuras_recortadas/fig_15.png Graphic file (type png)
<use figuras_recortadas/fig_15.png>
Package pdftex.def Info: figuras_recortadas/fig_15.png  used on input line 1658
.
(pdftex.def)             Requested size: 212.54073pt x 74.14767pt.

Underfull \vbox (badness 10000) has occurred while \output is active []

 [19 <build/figuras_recortadas/fig_15.png (PNG copy)>]
Underfull \vbox (badness 10000) has occurred while \output is active []

<figuras_recortadas/fig_16.png, id=127, 697.60625pt x 350.30875pt>
File: figuras_recortadas/fig_16.png Graphic file (type png)
<use figuras_recortadas/fig_16.png>
Package pdftex.def Info: figuras_recortadas/fig_16.png  used on input line 1790
.
(pdftex.def)             Requested size: 212.54073pt x 106.72908pt.
 [20 <build/figuras_recortadas/fig_16.png (PNG copy)>]
Underfull \hbox (badness 3039) in paragraph at lines 1800--1895
\T1/cmr/m/n/10.95 com-plex-ity is war-ranted are not gen-er-ally
 []


Underfull \hbox (badness 1067) in paragraph at lines 1800--1895
\T1/cmr/m/n/10.95 of steep-est de-scent [116], [117]. More so-
 []


Underfull \vbox (badness 10000) has occurred while \output is active []

<figuras_recortadas/fig_17.png, id=133, 705.63625pt x 375.4025pt>
File: figuras_recortadas/fig_17.png Graphic file (type png)
<use figuras_recortadas/fig_17.png>
Package pdftex.def Info: figuras_recortadas/fig_17.png  used on input line 1901
.
(pdftex.def)             Requested size: 212.54073pt x 113.07414pt.
 [21 <build/figuras_recortadas/fig_17.png (PNG copy)>] [22]
<figuras_recortadas/fig_18.png, id=143, 596.2275pt x 836.12375pt>
File: figuras_recortadas/fig_18.png Graphic file (type png)
<use figuras_recortadas/fig_18.png>
Package pdftex.def Info: figuras_recortadas/fig_18.png  used on input line 2141
.
(pdftex.def)             Requested size: 212.54073pt x 298.05717pt.

Underfull \vbox (badness 10000) has occurred while \output is active []

 [23]
[24 <build/figuras_recortadas/fig_18.png (PNG copy)>]
<figuras_recortadas/fig_19.png, id=153, 628.3475pt x 304.13625pt>
File: figuras_recortadas/fig_19.png Graphic file (type png)
<use figuras_recortadas/fig_19.png>
Package pdftex.def Info: figuras_recortadas/fig_19.png  used on input line 2246
.
(pdftex.def)             Requested size: 212.54073pt x 102.87126pt.
<figuras_recortadas/fig_20.png, id=154, 628.3475pt x 228.855pt>
File: figuras_recortadas/fig_20.png Graphic file (type png)
<use figuras_recortadas/fig_20.png>
Package pdftex.def Info: figuras_recortadas/fig_20.png  used on input line 2254
.
(pdftex.def)             Requested size: 212.54073pt x 77.40808pt.

Underfull \vbox (badness 10000) has occurred while \output is active []

 [25 <build/figuras_recortadas/fig_19.png (PNG copy)> <build/figuras_recortadas
/fig_20.png (PNG copy)>]
<figuras_recortadas/fig_21.png, id=163, 631.35875pt x 306.14375pt>
File: figuras_recortadas/fig_21.png Graphic file (type png)
<use figuras_recortadas/fig_21.png>
Package pdftex.def Info: figuras_recortadas/fig_21.png  used on input line 2348
.
(pdftex.def)             Requested size: 212.54073pt x 103.05978pt.
<figuras_recortadas/fig_24.png, id=164, 700.6175pt x 289.08pt>
File: figuras_recortadas/fig_24.png Graphic file (type png)
<use figuras_recortadas/fig_24.png>
Package pdftex.def Info: figuras_recortadas/fig_24.png  used on input line 2356
.
(pdftex.def)             Requested size: 212.54073pt x 87.69508pt.
<figuras_recortadas/fig_22.png, id=165, 631.35875pt x 377.41pt>
File: figuras_recortadas/fig_22.png Graphic file (type png)
<use figuras_recortadas/fig_22.png>
Package pdftex.def Info: figuras_recortadas/fig_22.png  used on input line 2363
.
(pdftex.def)             Requested size: 212.54073pt x 127.05075pt.

Underfull \vbox (badness 10000) has occurred while \output is active []

<figuras_recortadas/fig_23.png, id=166, 631.35875pt x 385.44pt>
File: figuras_recortadas/fig_23.png Graphic file (type png)
<use figuras_recortadas/fig_23.png>
Package pdftex.def Info: figuras_recortadas/fig_23.png  used on input line 2370
.
(pdftex.def)             Requested size: 212.54073pt x 129.75397pt.
 [26 <build/figuras_recortadas/fig_21.png (PNG copy)> <build/figuras_recortadas
/fig_24.png (PNG copy)> <build/figuras_recortadas/fig_22.png (PNG copy)> <build
/figuras_recortadas/fig_23.png (PNG copy)>]
Underfull \hbox (badness 1092) in paragraph at lines 2380--2451
[]\T1/cmr/m/n/10.95 Input Pat-tern Vec-tor X Fig. 25. Ex-
 []


Underfull \vbox (badness 10000) has occurred while \output is active []

<figuras_recortadas/fig_25.png, id=175, 704.6325pt x 84.315pt>
File: figuras_recortadas/fig_25.png Graphic file (type png)
<use figuras_recortadas/fig_25.png>
Package pdftex.def Info: figuras_recortadas/fig_25.png  used on input line 2457
.
(pdftex.def)             Requested size: 401.47144pt x 48.03944pt.

Overfull \hbox (175.27188pt too wide) in paragraph at lines 2457--2458
 [][] 
 []

[27 <build/figuras_recortadas/fig_25.png (PNG copy)>]
Underfull \vbox (badness 10000) has occurred while \output is active []

<figuras_recortadas/fig_26.png, id=181, 633.36626pt x 284.06125pt>
File: figuras_recortadas/fig_26.png Graphic file (type png)
<use figuras_recortadas/fig_26.png>
Package pdftex.def Info: figuras_recortadas/fig_26.png  used on input line 2542
.
(pdftex.def)             Requested size: 212.54073pt x 95.32256pt.
 [28 <build/figuras_recortadas/fig_26.png (PNG copy)>]
Underfull \vbox (badness 10000) has occurred while \output is active []


Underfull \vbox (badness 10000) has occurred while \output is active []

 [29]
Underfull \vbox (badness 10000) has occurred while \output is active []

 [30]
<figuras_recortadas/fig_27.png, id=195, 704.6325pt x 447.6725pt>
File: figuras_recortadas/fig_27.png Graphic file (type png)
<use figuras_recortadas/fig_27.png>
Package pdftex.def Info: figuras_recortadas/fig_27.png  used on input line 2780
.
(pdftex.def)             Requested size: 212.54073pt x 135.03369pt.

Underfull \vbox (badness 10000) has occurred while \output is active []

<figuras_recortadas/fig_28.png, id=196, 605.26125pt x 544.0325pt>
File: figuras_recortadas/fig_28.png Graphic file (type png)
<use figuras_recortadas/fig_28.png>
Package pdftex.def Info: figuras_recortadas/fig_28.png  used on input line 2787
.
(pdftex.def)             Requested size: 212.54073pt x 191.03682pt.
 [31 <build/figuras_recortadas/fig_27.png (PNG copy)> <build/figuras_recortadas
/fig_28.png (PNG copy)>]
Underfull \vbox (badness 10000) has occurred while \output is active []


Underfull \vbox (badness 10000) has occurred while \output is active []

 [32]
Underfull \vbox (badness 10000) has occurred while \output is active []

 [33]
<figuras_recortadas/fig_31.png, id=212, 700.6175pt x 382.42876pt>
File: figuras_recortadas/fig_31.png Graphic file (type png)
<use figuras_recortadas/fig_31.png>
Package pdftex.def Info: figuras_recortadas/fig_31.png  used on input line 2993
.
(pdftex.def)             Requested size: 212.54073pt x 116.01329pt.
<figuras_recortadas/fig_29.png, id=213, 631.35875pt x 390.45876pt>
File: figuras_recortadas/fig_29.png Graphic file (type png)
<use figuras_recortadas/fig_29.png>
Package pdftex.def Info: figuras_recortadas/fig_29.png  used on input line 3002
.
(pdftex.def)             Requested size: 212.54073pt x 131.44347pt.
<figuras_recortadas/fig_32.png, id=214, 700.6175pt x 362.35374pt>
File: figuras_recortadas/fig_32.png Graphic file (type png)
<use figuras_recortadas/fig_32.png>
Package pdftex.def Info: figuras_recortadas/fig_32.png  used on input line 3010
.
(pdftex.def)             Requested size: 212.54073pt x 109.92336pt.

Underfull \vbox (badness 10000) has occurred while \output is active []

<figuras_recortadas/fig_30.png, id=215, 631.35875pt x 334.24875pt>
File: figuras_recortadas/fig_30.png Graphic file (type png)
<use figuras_recortadas/fig_30.png>
Package pdftex.def Info: figuras_recortadas/fig_30.png  used on input line 3018
.
(pdftex.def)             Requested size: 212.54073pt x 112.52101pt.
 [34 <build/figuras_recortadas/fig_31.png (PNG copy)> <build/figuras_recortadas
/fig_29.png (PNG copy)> <build/figuras_recortadas/fig_32.png (PNG copy)> <build
/figuras_recortadas/fig_30.png (PNG copy)>]
Underfull \vbox (badness 10000) has occurred while \output is active []

 [35]
<figuras_recortadas/fig_33.png, id=228, 1316.92pt x 1422.31375pt>
File: figuras_recortadas/fig_33.png Graphic file (type png)
<use figuras_recortadas/fig_33.png>
Package pdftex.def Info: figuras_recortadas/fig_33.png  used on input line 3203
.
(pdftex.def)             Requested size: 401.47144pt x 433.59889pt.

Overfull \hbox (175.27188pt too wide) in paragraph at lines 3203--3204
 [][] 
 []


Underfull \vbox (badness 10000) has occurred while \output is active []

 [36 <build/figuras_recortadas/fig_33.png (PNG copy)>]
Underfull \vbox (badness 10000) has occurred while \output is active []


Underfull \vbox (badness 10000) has occurred while \output is active []

 [37]
Underfull \vbox (badness 10000) has occurred while \output is active []

 [38]
Underfull \hbox (badness 1281) in paragraph at lines 3384--3537
\T1/cmr/m/n/10.95 Ge-om-e-try. Cam-bridge, MA: M.I.T. Press,
 []


Underfull \hbox (badness 3260) in paragraph at lines 3384--3537
\T1/cmr/m/n/10.95 neu-ral net-work tech-nol-ogy for auto matic
 []


Underfull \hbox (badness 1968) in paragraph at lines 3384--3537
\T1/cmr/m/n/10.95 tar-get recog-ni-tion," /\TS1/cmr/m/n/10.95 ¿¿\T1/cmr/m/n/10.
95 E Trans. Neu-ral
 []


Underfull \hbox (badness 2469) in paragraph at lines 3384--3537
\T1/cmr/m/n/10.95 dy-nam-i-cal sys-tems us-ing neu-ral net-works,"
 []


Underfull \hbox (badness 1776) in paragraph at lines 3384--3537
\T1/cmr/m/n/10.95 or-a-tory Re-port VG-1796-G-4, Buf-falo, NY,
 []


Underfull \hbox (badness 1210) in paragraph at lines 3384--3537
\T1/cmr/m/n/10.95 for Train-ing Net-works of Ada-lines. Ph.D.
 []


Underfull \hbox (badness 1092) in paragraph at lines 3384--3537
\T1/cmr/m/n/10.95 in Neu-ral ln-for ma-tion Pro-cess-ing Sys-tems,
 []


Underfull \hbox (badness 1715) in paragraph at lines 3384--3537
\T1/cmr/m/n/10.95 "Ef-fi-cient train-ing of the back prop-a-ga-tion
 []


Underfull \hbox (badness 1253) in paragraph at lines 3384--3537
\T1/cmr/m/n/10.95 MA: Addison-Wesley, 2d ed., 1984. [I151
 []


Underfull \hbox (badness 2469) in paragraph at lines 3384--3537
\T1/cmr/m/n/10.95 A. Kramer and A. Sangiovanni-Vincentelli,
 []


Underfull \hbox (badness 10000) in paragraph at lines 3384--3537
\T1/cmr/m/n/10.95 MADA-LINE, AND BACK-PROPACA-TION
 []


Underfull \hbox (badness 1629) in paragraph at lines 3384--3537
\T1/cmr/m/n/10.95 and K. D. Senne, "Per-for-mance ad-van-tage
 []


Underfull \hbox (badness 2538) in paragraph at lines 3384--3537
\T1/cmr/m/n/10.95 adap-tive ar-rays," /\TS1/cmr/m/n/10.95 ¿¿\T1/cmr/m/n/10.95 E
 Trans. Cir-cuits,
 []


Underfull \hbox (badness 1052) in paragraph at lines 3384--3537
\T1/cmr/m/n/10.95 "Gen-er-al-iza-tion of back-prop-a-ga-tion to re-cur
 []


Underfull \hbox (badness 4805) in paragraph at lines 3384--3537
\T1/cmr/m/n/10.95 Sum-mer-School, D. Touret-zky, G. Hin-ton,
 []


Underfull \hbox (badness 1199) in paragraph at lines 3384--3537
\T1/cmr/m/n/10.95 ro-bust al-go-rithm for train-ing ana-log neu-ral
 []


Underfull \hbox (badness 10000) in paragraph at lines 3384--3537
\T1/cmr/m/n/10.95 the S.B.,S.M.,andSc.D.degreesfromtheMas
 []


Underfull \hbox (badness 1629) in paragraph at lines 3384--3537
\T1/cmr/m/n/10.95 sachusetts In-sti-tute of Tech-nol-ogy in 1951,
 []


Underfull \hbox (badness 2213) in paragraph at lines 3384--3537
\T1/cmr/m/n/10.95 pat-tern recog-ni-tion, adap-tive fil-ter-ing, and
 []


Underfull \vbox (badness 10000) has occurred while \output is active []


Underfull \vbox (badness 10000) has occurred while \output is active []

 [39]
Underfull \vbox (badness 10000) has occurred while \output is active []

 [40]
[41

] (build/widrow1990_final.aux)
 ***********
LaTeX2e <2025-11-01>
L3 programming layer <2026-03-20>
 ***********
Package rerunfilecheck Info: File `widrow1990_final.out' has not changed.
(rerunfilecheck)             Checksum: 9814C2D956916ADB9290ECA4E25C967A;103.
 )
(\end occurred inside a group at level 2)

### simple group (level 2) entered at line 2277 ({)
### simple group (level 1) entered at line 1602 ({)
### bottom level 
Here is how much of TeX's memory you used:
 13334 strings out of 467349
 214392 string characters out of 5419856
 652725 words of memory out of 5000000
 42186 multiletter control sequences out of 15000+600000
 637634 words of font info for 66 fonts, out of 8000000 for 9000
 1141 hyphenation exceptions out of 8191
 75i,8n,79p,291b,476s stack positions out of 10000i,1000n,20000p,200000b,200000s
<c:/texlive/2026/texmf-dist/fonts/type1/public/cm-super/sfbx109
5.pfb><c:/texlive/2026/texmf-dist/fonts/type1/public/cm-super/sfbx1440.pfb><c:/
texlive/2026/texmf-dist/fonts/type1/public/cm-super/sfrm1095.pfb><c:/texlive/20
26/texmf-dist/fonts/type1/public/cm-super/sfrm1200.pfb><c:/texlive/2026/texmf-d
ist/fonts/type1/public/cm-super/sfrm1728.pfb>
Output written on build/widrow1990_final.pdf (41 pages, 4381075 bytes).
PDF statistics:
 304 PDF objects out of 1000 (max. 8388607)
 214 compressed objects within 3 object streams
 78 named destinations out of 1000 (max. 500000)
 174 words of extra memory for PDF output out of 10000 (max. 10000000)

