This is pdfTeX, Version 3.141592653-2.6-1.40.29 (TeX Live 2026) (preloaded format=pdflatex 2026.4.26)  3 JUL 2026 16:05
entering extended mode
 restricted \write18 enabled.
 file:line:error style messages enabled.
 %&-line parsing enabled.
**c:/Developer/data-inteligencia/proyectos/RNA/presentacion/v5/presentacion-widrow-lehr.tex
(c:/Developer/data-inteligencia/proyectos/RNA/presentacion/v5/presentacion-widrow-lehr.tex
LaTeX2e <2025-11-01>
L3 programming layer <2026-03-20>
(c:/texlive/2026/texmf-dist/tex/latex/beamer/beamer.cls
Document Class: beamer 2026/01/22 v3.77 A class for typesetting presentations
(c:/texlive/2026/texmf-dist/tex/latex/beamer/beamerbasemodes.sty (c:/texlive/2026/texmf-dist/tex/latex/etoolbox/etoolbox.sty
Package: etoolbox 2025/10/02 v2.5m e-TeX tools for LaTeX (JAW)
\etb@tempcnta=\count275
)
\beamer@tempbox=\box53
\beamer@tempcount=\count276
\c@beamerpauses=\count277
 (c:/texlive/2026/texmf-dist/tex/latex/beamer/beamerbasedecode.sty
\beamer@slideinframe=\count278
\beamer@minimum=\count279
\beamer@decode@box=\box54
)
\beamer@commentbox=\box55
\beamer@modecount=\count280
) (c:/texlive/2026/texmf-dist/tex/generic/iftex/iftex.sty
Package: iftex 2024/12/12 v1.0g TeX engine tests
)
\headdp=\dimen150
\footheight=\dimen151
\sidebarheight=\dimen152
\beamer@tempdim=\dimen153
\beamer@finalheight=\dimen154
\beamer@animht=\dimen155
\beamer@animdp=\dimen156
\beamer@animwd=\dimen157
\beamer@leftmargin=\dimen158
\beamer@rightmargin=\dimen159
\beamer@leftsidebar=\dimen160
\beamer@rightsidebar=\dimen161
\beamer@boxsize=\dimen162
\beamer@vboxoffset=\dimen163
\beamer@descdefault=\dimen164
\beamer@descriptionwidth=\dimen165
\beamer@lastskip=\skip49
\beamer@areabox=\box56
\beamer@animcurrent=\box57
\beamer@animshowbox=\box58
\beamer@sectionbox=\box59
\beamer@logobox=\box60
\beamer@linebox=\box61
\beamer@sectioncount=\count281
\beamer@subsubsectionmax=\count282
\beamer@subsectionmax=\count283
\beamer@sectionmax=\count284
\beamer@totalheads=\count285
\beamer@headcounter=\count286
\beamer@partstartpage=\count287
\beamer@sectionstartpage=\count288
\beamer@subsectionstartpage=\count289
\beamer@animationtempa=\count290
\beamer@animationtempb=\count291
\beamer@xpos=\count292
\beamer@ypos=\count293
\beamer@ypos@offset=\count294
\beamer@showpartnumber=\count295
\beamer@currentsubsection=\count296
\beamer@coveringdepth=\count297
\beamer@sectionadjust=\count298
\beamer@toclastsection=\count299
\beamer@tocsectionnumber=\count300
 (c:/texlive/2026/texmf-dist/tex/latex/beamer/beamerbaseoptions.sty (c:/texlive/2026/texmf-dist/tex/latex/graphics/keyval.sty
Package: keyval 2022/05/29 v1.15 key=value parser (DPC)
\KV@toks@=\toks17
))
\beamer@paperwidth=\skip50
\beamer@paperheight=\skip51
 (c:/texlive/2026/texmf-dist/tex/latex/geometry/geometry.sty
Package: geometry 2026/03/07 v6.0 Page Geometry
 (c:/texlive/2026/texmf-dist/tex/generic/iftex/ifvtex.sty
Package: ifvtex 2019/10/25 v1.7 ifvtex legacy package. Use iftex instead.
)
\Gm@cnth=\count301
\Gm@cntv=\count302
\c@Gm@tempcnt=\count303
\Gm@bindingoffset=\dimen166
\Gm@wd@mp=\dimen167
\Gm@odd@mp=\dimen168
\Gm@even@mp=\dimen169
\Gm@layoutwidth=\dimen170
\Gm@layoutheight=\dimen171
\Gm@layouthoffset=\dimen172
\Gm@layoutvoffset=\dimen173
\Gm@dimlist=\toks18
) (c:/texlive/2026/texmf-dist/tex/latex/pgf/math/pgfmath.sty (c:/texlive/2026/texmf-dist/tex/latex/pgf/utilities/pgfrcs.sty (c:/texlive/2026/texmf-dist/tex/generic/pgf/utilities/pgfutil-common.tex
\pgfutil@everybye=\toks19
\pgfutil@tempdima=\dimen174
\pgfutil@tempdimb=\dimen175
) (c:/texlive/2026/texmf-dist/tex/generic/pgf/utilities/pgfutil-latex.def
\pgfutil@abb=\box62
) (c:/texlive/2026/texmf-dist/tex/generic/pgf/utilities/pgfrcs.code.tex (c:/texlive/2026/texmf-dist/tex/generic/pgf/pgf.revision.tex)
Package: pgfrcs 2025-08-29 v3.1.11a (3.1.11a)
)) (c:/texlive/2026/texmf-dist/tex/latex/pgf/utilities/pgfkeys.sty (c:/texlive/2026/texmf-dist/tex/generic/pgf/utilities/pgfkeys.code.tex
\pgfkeys@pathtoks=\toks20
\pgfkeys@temptoks=\toks21
 (c:/texlive/2026/texmf-dist/tex/generic/pgf/utilities/pgfkeyslibraryfiltered.code.tex
\pgfkeys@tmptoks=\toks22
))) (c:/texlive/2026/texmf-dist/tex/generic/pgf/math/pgfmath.code.tex (c:/texlive/2026/texmf-dist/tex/generic/pgf/math/pgfmathutil.code.tex
\pgf@x=\dimen176
\pgf@xa=\dimen177
\pgf@xb=\dimen178
\pgf@xc=\dimen179
\pgf@y=\dimen180
\pgf@ya=\dimen181
\pgf@yb=\dimen182
\pgf@yc=\dimen183
\c@pgf@counta=\count304
\c@pgf@countb=\count305
\c@pgf@countc=\count306
\c@pgf@countd=\count307
) (c:/texlive/2026/texmf-dist/tex/generic/pgf/math/pgfmathparser.code.tex
\pgfmath@dimen=\dimen184
\pgfmath@count=\count308
\pgfmath@box=\box63
\pgfmath@toks=\toks23
\pgfmath@stack@operand=\toks24
\pgfmath@stack@operation=\toks25
) (c:/texlive/2026/texmf-dist/tex/generic/pgf/math/pgfmathfunctions.code.tex) (c:/texlive/2026/texmf-dist/tex/generic/pgf/math/pgfmathfunctions.basic.code.tex) (c:/texlive/2026/texmf-dist/tex/generic/pgf/math/pgfmathfunctions.trigonometric.code.tex) (c:/texlive/2026/texmf-dist/tex/generic/pgf/math/pgfmathfunctions.random.code.tex) (c:/texlive/2026/texmf-dist/tex/generic/pgf/math/pgfmathfunctions.comparison.code.tex) (c:/texlive/2026/texmf-dist/tex/generic/pgf/math/pgfmathfunctions.base.code.tex) (c:/texlive/2026/texmf-dist/tex/generic/pgf/math/pgfmathfunctions.round.code.tex) (c:/texlive/2026/texmf-dist/tex/generic/pgf/math/pgfmathfunctions.misc.code.tex) (c:/texlive/2026/texmf-dist/tex/generic/pgf/math/pgfmathfunctions.integerarithmetics.code.tex) (c:/texlive/2026/texmf-dist/tex/generic/pgf/math/pgfmathcalc.code.tex) (c:/texlive/2026/texmf-dist/tex/generic/pgf/math/pgfmathfloat.code.tex
\c@pgfmathroundto@lastzeros=\count309
))) (c:/texlive/2026/texmf-dist/tex/latex/base/size11.clo
File: size11.clo 2025/01/22 v1.4n Standard LaTeX file (size option)
) (c:/texlive/2026/texmf-dist/tex/latex/pgf/basiclayer/pgfcore.sty (c:/texlive/2026/texmf-dist/tex/latex/graphics/graphicx.sty
Package: graphicx 2024/12/31 v1.2e Enhanced LaTeX Graphics (DPC,SPQR)
 (c:/texlive/2026/texmf-dist/tex/latex/graphics/graphics.sty
Package: graphics 2024/08/06 v1.4g Standard LaTeX Graphics (DPC,SPQR)
 (c:/texlive/2026/texmf-dist/tex/latex/graphics/trig.sty
Package: trig 2023/12/02 v1.11 sin cos tan (DPC)
) (c:/texlive/2026/texmf-dist/tex/latex/graphics-cfg/graphics.cfg
File: graphics.cfg 2016/06/04 v1.11 sample graphics configuration
)
Package graphics Info: Driver file: pdftex.def on input line 106.
 (c:/texlive/2026/texmf-dist/tex/latex/graphics-def/pdftex.def
File: pdftex.def 2025/09/29 v1.2d Graphics/color driver for pdftex
))
\Gin@req@height=\dimen185
\Gin@req@width=\dimen186
) (c:/texlive/2026/texmf-dist/tex/latex/pgf/systemlayer/pgfsys.sty (c:/texlive/2026/texmf-dist/tex/generic/pgf/systemlayer/pgfsys.code.tex
Package: pgfsys 2025-08-29 v3.1.11a (3.1.11a)
\pgf@x=\dimen187
\pgf@y=\dimen188
\pgf@xa=\dimen189
\pgf@ya=\dimen190
\pgf@xb=\dimen191
\pgf@yb=\dimen192
\pgf@xc=\dimen193
\pgf@yc=\dimen194
\pgf@xd=\dimen195
\pgf@yd=\dimen196
\w@pgf@writea=\write3
\r@pgf@reada=\read2
\c@pgf@counta=\count310
\c@pgf@countb=\count311
\c@pgf@countc=\count312
\c@pgf@countd=\count313
\t@pgf@toka=\toks26
\t@pgf@tokb=\toks27
\t@pgf@tokc=\toks28
\pgf@sys@id@count=\count314
 (c:/texlive/2026/texmf-dist/tex/generic/pgf/systemlayer/pgf.cfg
File: pgf.cfg 2025-08-29 v3.1.11a (3.1.11a)
)
Driver file for pgf: pgfsys-pdftex.def
 (c:/texlive/2026/texmf-dist/tex/generic/pgf/systemlayer/pgfsys-pdftex.def
File: pgfsys-pdftex.def 2025-08-29 v3.1.11a (3.1.11a)
 (c:/texlive/2026/texmf-dist/tex/generic/pgf/systemlayer/pgfsys-common-pdf.def
File: pgfsys-common-pdf.def 2025-08-29 v3.1.11a (3.1.11a)
))) (c:/texlive/2026/texmf-dist/tex/generic/pgf/systemlayer/pgfsyssoftpath.code.tex
File: pgfsyssoftpath.code.tex 2025-08-29 v3.1.11a (3.1.11a)
\pgfsyssoftpath@smallbuffer@items=\count315
\pgfsyssoftpath@bigbuffer@items=\count316
) (c:/texlive/2026/texmf-dist/tex/generic/pgf/systemlayer/pgfsysprotocol.code.tex
File: pgfsysprotocol.code.tex 2025-08-29 v3.1.11a (3.1.11a)
)) (c:/texlive/2026/texmf-dist/tex/latex/xcolor/xcolor.sty
Package: xcolor 2024/09/29 v3.02 LaTeX color extensions (UK)
 (c:/texlive/2026/texmf-dist/tex/latex/graphics-cfg/color.cfg
File: color.cfg 2016/01/02 v1.6 sample color configuration
)
Package xcolor Info: Driver file: pdftex.def on input line 274.
 (c:/texlive/2026/texmf-dist/tex/latex/graphics/mathcolor.ltx)
Package xcolor Info: Model `cmy' substituted by `cmy0' on input line 1349.
Package xcolor Info: Model `hsb' substituted by `rgb' on input line 1353.
Package xcolor Info: Model `RGB' extended on input line 1365.
Package xcolor Info: Model `HTML' substituted by `rgb' on input line 1367.
Package xcolor Info: Model `Hsb' substituted by `hsb' on input line 1368.
Package xcolor Info: Model `tHsb' substituted by `hsb' on input line 1369.
Package xcolor Info: Model `HSB' substituted by `hsb' on input line 1370.
Package xcolor Info: Model `Gray' substituted by `gray' on input line 1371.
Package xcolor Info: Model `wave' substituted by `hsb' on input line 1372.
) (c:/texlive/2026/texmf-dist/tex/latex/graphics/dvipsnam.def
File: dvipsnam.def 2016/06/17 v3.0m Driver-dependent file (DPC,SPQR)
) (c:/texlive/2026/texmf-dist/tex/latex/colortbl/colortbl.sty
Package: colortbl 2024/10/29 v1.0k Color table columns (DPC)
 (c:/texlive/2026/texmf-dist/tex/latex/tools/array.sty
Package: array 2025/09/25 v2.6n Tabular extension package (FMi)
\col@sep=\dimen197
\ar@mcellbox=\box64
\extrarowheight=\dimen198
\NC@list=\toks29
\extratabsurround=\skip52
\backup@length=\skip53
\ar@cellbox=\box65
)
\everycr=\toks30
\minrowclearance=\skip54
\rownum=\count317
) (c:/texlive/2026/texmf-dist/tex/generic/pgf/basiclayer/pgfcore.code.tex
Package: pgfcore 2025-08-29 v3.1.11a (3.1.11a)
 (c:/texlive/2026/texmf-dist/tex/generic/pgf/math/pgfint.code.tex) (c:/texlive/2026/texmf-dist/tex/generic/pgf/basiclayer/pgfcorepoints.code.tex
File: pgfcorepoints.code.tex 2025-08-29 v3.1.11a (3.1.11a)
\pgf@picminx=\dimen199
\pgf@picmaxx=\dimen256
\pgf@picminy=\dimen257
\pgf@picmaxy=\dimen258
\pgf@pathminx=\dimen259
\pgf@pathmaxx=\dimen260
\pgf@pathminy=\dimen261
\pgf@pathmaxy=\dimen262
\pgf@xx=\dimen263
\pgf@xy=\dimen264
\pgf@yx=\dimen265
\pgf@yy=\dimen266
\pgf@zx=\dimen267
\pgf@zy=\dimen268
) (c:/texlive/2026/texmf-dist/tex/generic/pgf/basiclayer/pgfcorepathconstruct.code.tex
File: pgfcorepathconstruct.code.tex 2025-08-29 v3.1.11a (3.1.11a)
\pgf@path@lastx=\dimen269
\pgf@path@lasty=\dimen270
) (c:/texlive/2026/texmf-dist/tex/generic/pgf/basiclayer/pgfcorepathusage.code.tex
File: pgfcorepathusage.code.tex 2025-08-29 v3.1.11a (3.1.11a)
\pgf@shorten@end@additional=\dimen271
\pgf@shorten@start@additional=\dimen272
) (c:/texlive/2026/texmf-dist/tex/generic/pgf/basiclayer/pgfcorescopes.code.tex
File: pgfcorescopes.code.tex 2025-08-29 v3.1.11a (3.1.11a)
\pgfpic=\box66
\pgf@hbox=\box67
\pgf@layerbox@main=\box68
\pgf@picture@serial@count=\count318
) (c:/texlive/2026/texmf-dist/tex/generic/pgf/basiclayer/pgfcoregraphicstate.code.tex
File: pgfcoregraphicstate.code.tex 2025-08-29 v3.1.11a (3.1.11a)
\pgflinewidth=\dimen273
) (c:/texlive/2026/texmf-dist/tex/generic/pgf/basiclayer/pgfcoretransformations.code.tex
File: pgfcoretransformations.code.tex 2025-08-29 v3.1.11a (3.1.11a)
\pgf@pt@x=\dimen274
\pgf@pt@y=\dimen275
\pgf@pt@temp=\dimen276
) (c:/texlive/2026/texmf-dist/tex/generic/pgf/basiclayer/pgfcorequick.code.tex
File: pgfcorequick.code.tex 2025-08-29 v3.1.11a (3.1.11a)
) (c:/texlive/2026/texmf-dist/tex/generic/pgf/basiclayer/pgfcoreobjects.code.tex
File: pgfcoreobjects.code.tex 2025-08-29 v3.1.11a (3.1.11a)
) (c:/texlive/2026/texmf-dist/tex/generic/pgf/basiclayer/pgfcorepathprocessing.code.tex
File: pgfcorepathprocessing.code.tex 2025-08-29 v3.1.11a (3.1.11a)
) (c:/texlive/2026/texmf-dist/tex/generic/pgf/basiclayer/pgfcorearrows.code.tex
File: pgfcorearrows.code.tex 2025-08-29 v3.1.11a (3.1.11a)
\pgfarrowsep=\dimen277
) (c:/texlive/2026/texmf-dist/tex/generic/pgf/basiclayer/pgfcoreshade.code.tex
File: pgfcoreshade.code.tex 2025-08-29 v3.1.11a (3.1.11a)
\pgf@max=\dimen278
\pgf@sys@shading@range@num=\count319
\pgf@shadingcount=\count320
) (c:/texlive/2026/texmf-dist/tex/generic/pgf/basiclayer/pgfcoreimage.code.tex
File: pgfcoreimage.code.tex 2025-08-29 v3.1.11a (3.1.11a)
) (c:/texlive/2026/texmf-dist/tex/generic/pgf/basiclayer/pgfcoreexternal.code.tex
File: pgfcoreexternal.code.tex 2025-08-29 v3.1.11a (3.1.11a)
\pgfexternal@startupbox=\box69
) (c:/texlive/2026/texmf-dist/tex/generic/pgf/basiclayer/pgfcorelayers.code.tex
File: pgfcorelayers.code.tex 2025-08-29 v3.1.11a (3.1.11a)
) (c:/texlive/2026/texmf-dist/tex/generic/pgf/basiclayer/pgfcoretransparency.code.tex
File: pgfcoretransparency.code.tex 2025-08-29 v3.1.11a (3.1.11a)
) (c:/texlive/2026/texmf-dist/tex/generic/pgf/basiclayer/pgfcorepatterns.code.tex
File: pgfcorepatterns.code.tex 2025-08-29 v3.1.11a (3.1.11a)
) (c:/texlive/2026/texmf-dist/tex/generic/pgf/basiclayer/pgfcorerdf.code.tex
File: pgfcorerdf.code.tex 2025-08-29 v3.1.11a (3.1.11a)
))) (c:/texlive/2026/texmf-dist/tex/latex/pgf/utilities/xxcolor.sty
Package: xxcolor 2003/10/24 ver 0.1
\XC@nummixins=\count321
\XC@countmixins=\count322
) (c:/texlive/2026/texmf-dist/tex/latex/base/atbegshi-ltx.sty
Package: atbegshi-ltx 2021/01/10 v1.0c Emulation of the original atbegshi
package with kernel methods
) (c:/texlive/2026/texmf-dist/tex/latex/hyperref/hyperref.sty
Package: hyperref 2026-04-24 v7.01q Hypertext links for LaTeX
 (c:/texlive/2026/texmf-dist/tex/latex/kvsetkeys/kvsetkeys.sty
Package: kvsetkeys 2022-10-05 v1.19 Key value parser (HO)
) (c:/texlive/2026/texmf-dist/tex/generic/kvdefinekeys/kvdefinekeys.sty
Package: kvdefinekeys 2019-12-19 v1.6 Define keys (HO)
) (c:/texlive/2026/texmf-dist/tex/generic/pdfescape/pdfescape.sty
Package: pdfescape 2019/12/09 v1.15 Implements pdfTeX's escape features (HO)
 (c:/texlive/2026/texmf-dist/tex/generic/ltxcmds/ltxcmds.sty
Package: ltxcmds 2023-12-04 v1.26 LaTeX kernel commands for general use (HO)
) (c:/texlive/2026/texmf-dist/tex/generic/pdftexcmds/pdftexcmds.sty
Package: pdftexcmds 2020-06-27 v0.33 Utility functions of pdfTeX for LuaTeX (HO)
 (c:/texlive/2026/texmf-dist/tex/generic/infwarerr/infwarerr.sty
Package: infwarerr 2019/12/03 v1.5 Providing info/warning/error messages (HO)
)
Package pdftexcmds Info: \pdf@primitive is available.
Package pdftexcmds Info: \pdf@ifprimitive is available.
Package pdftexcmds Info: \pdfdraftmode found.
)) (c:/texlive/2026/texmf-dist/tex/latex/hycolor/hycolor.sty
Package: hycolor 2020-01-27 v1.10 Color options for hyperref/bookmark (HO)
) (c:/texlive/2026/texmf-dist/tex/latex/hyperref/nameref.sty
Package: nameref 2026-01-29 v2.58 Cross-referencing by name of section
 (c:/texlive/2026/texmf-dist/tex/latex/refcount/refcount.sty
Package: refcount 2019/12/15 v3.6 Data extraction from label references (HO)
) (c:/texlive/2026/texmf-dist/tex/generic/gettitlestring/gettitlestring.sty
Package: gettitlestring 2019/12/15 v1.6 Cleanup title references (HO)
 (c:/texlive/2026/texmf-dist/tex/latex/kvoptions/kvoptions.sty
Package: kvoptions 2022-06-15 v3.15 Key value format for package options (HO)
))
\c@section@level=\count323
) (c:/texlive/2026/texmf-dist/tex/generic/stringenc/stringenc.sty
Package: stringenc 2019/11/29 v1.12 Convert strings between diff. encodings (HO)
)
\@linkdim=\dimen279
\Hy@linkcounter=\count324
\Hy@pagecounter=\count325
 (c:/texlive/2026/texmf-dist/tex/latex/hyperref/pd1enc.def
File: pd1enc.def 2026-04-24 v7.01q Hyperref: PDFDocEncoding definition (HO)
Now handling font encoding PD1 ...
... no UTF-8 mapping file for font encoding PD1
) (c:/texlive/2026/texmf-dist/tex/generic/intcalc/intcalc.sty
Package: intcalc 2019/12/15 v1.3 Expandable calculations with integers (HO)
)
\Hy@SavedSpaceFactor=\count326
 (c:/texlive/2026/texmf-dist/tex/latex/hyperref/puenc.def
File: puenc.def 2026-04-24 v7.01q Hyperref: PDF Unicode definition (HO)
Now handling font encoding PU ...
... no UTF-8 mapping file for font encoding PU
)
Package hyperref Info: Option `bookmarks' set `true' on input line 4070.
Package hyperref Info: Option `bookmarksopen' set `true' on input line 4070.
Package hyperref Info: Option `implicit' set `false' on input line 4070.
Package hyperref Info: Hyper figures OFF on input line 4199.
Package hyperref Info: Link nesting OFF on input line 4204.
Package hyperref Info: Hyper index ON on input line 4207.
Package hyperref Info: Plain pages OFF on input line 4214.
Package hyperref Info: Backreferencing OFF on input line 4219.
Package hyperref Info: Implicit mode OFF; no redefinition of LaTeX internals.
Package hyperref Info: Bookmarks ON on input line 4466.
\c@Hy@tempcnt=\count327
 (c:/texlive/2026/texmf-dist/tex/latex/url/url.sty
\Urlmuskip=\muskip17
Package: url 2013/09/16  ver 3.4  Verb mode for urls, etc.
)
LaTeX Info: Redefining \url on input line 4805.
\XeTeXLinkMargin=\dimen280
 (c:/texlive/2026/texmf-dist/tex/generic/bitset/bitset.sty
Package: bitset 2019/12/09 v1.3 Handle bit-vector datatype (HO)
 (c:/texlive/2026/texmf-dist/tex/generic/bigintcalc/bigintcalc.sty
Package: bigintcalc 2019/12/15 v1.5 Expandable calculations on big integers (HO)
))
\Fld@menulength=\count328
\Field@Width=\dimen281
\Fld@charsize=\dimen282
Package hyperref Info: Hyper figures OFF on input line 6091.
Package hyperref Info: Link nesting OFF on input line 6096.
Package hyperref Info: Hyper index ON on input line 6099.
Package hyperref Info: backreferencing OFF on input line 6106.
Package hyperref Info: Link coloring OFF on input line 6111.
Package hyperref Info: Link coloring with OCG OFF on input line 6116.
Package hyperref Info: PDF/A mode OFF on input line 6121.
\Hy@abspage=\count329


Package hyperref Message: Stopped early.

)
Package hyperref Info: Driver (autodetected): hpdftex.
 (c:/texlive/2026/texmf-dist/tex/latex/hyperref/hpdftex.def
File: hpdftex.def 2026-04-24 v7.01q Hyperref driver for pdfTeX
\Fld@listcount=\count330
\c@bookmark@seq@number=\count331
 (c:/texlive/2026/texmf-dist/tex/latex/rerunfilecheck/rerunfilecheck.sty
Package: rerunfilecheck 2025-06-21 v1.11 Rerun checks for auxiliary files (HO)
 (c:/texlive/2026/texmf-dist/tex/generic/uniquecounter/uniquecounter.sty
Package: uniquecounter 2019/12/15 v1.4 Provide unlimited unique counter (HO)
)
Package uniquecounter Info: New unique counter `rerunfilecheck' on input line 284.
)) (c:/texlive/2026/texmf-dist/tex/latex/beamer/beamerbaserequires.sty (c:/texlive/2026/texmf-dist/tex/latex/beamer/beamerbasecompatibility.sty) (c:/texlive/2026/texmf-dist/tex/latex/beamer/beamerbasefont.sty (c:/texlive/2026/texmf-dist/tex/latex/amsfonts/amssymb.sty
Package: amssymb 2013/01/14 v3.01 AMS font symbols
 (c:/texlive/2026/texmf-dist/tex/latex/amsfonts/amsfonts.sty
Package: amsfonts 2013/01/14 v3.01 Basic AMSFonts support
\@emptytoks=\toks31
\symAMSa=\mathgroup4
\symAMSb=\mathgroup5
LaTeX Font Info:    Redeclaring math symbol \hbar on input line 98.
LaTeX Font Info:    Overwriting math alphabet `\mathfrak' in version `bold'
(Font)                  U/euf/m/n --> U/euf/b/n on input line 106.
)) (c:/texlive/2026/texmf-dist/tex/latex/sansmathaccent/sansmathaccent.sty
Package: sansmathaccent 2020/01/31
 (c:/texlive/2026/texmf-dist/tex/latex/koma-script/scrlfile.sty
Package: scrlfile 2026/02/02 v3.49.2 KOMA-Script package (file load hooks)
 (c:/texlive/2026/texmf-dist/tex/latex/koma-script/scrlfile-hook.sty
Package: scrlfile-hook 2026/02/02 v3.49.2 KOMA-Script package (using LaTeX hooks)
 (c:/texlive/2026/texmf-dist/tex/latex/koma-script/scrlogo.sty
Package: scrlogo 2026/02/02 v3.49.2 KOMA-Script package (logo)
))))) (c:/texlive/2026/texmf-dist/tex/latex/beamer/beamerbasetranslator.sty (c:/texlive/2026/texmf-dist/tex/latex/translator/translator.sty
Package: translator 2021-05-31 v1.12d Easy translation of strings in LaTeX
)) (c:/texlive/2026/texmf-dist/tex/latex/beamer/beamerbasemisc.sty) (c:/texlive/2026/texmf-dist/tex/latex/beamer/beamerbasetwoscreens.sty) (c:/texlive/2026/texmf-dist/tex/latex/beamer/beamerbaseoverlay.sty
\beamer@argscount=\count332
\beamer@lastskipcover=\skip55
\beamer@trivlistdepth=\count333
) (c:/texlive/2026/texmf-dist/tex/latex/beamer/beamerbasetitle.sty) (c:/texlive/2026/texmf-dist/tex/latex/beamer/beamerbasesection.sty
\c@lecture=\count334
\c@part=\count335
\c@section=\count336
\c@subsection=\count337
\c@subsubsection=\count338
) (c:/texlive/2026/texmf-dist/tex/latex/beamer/beamerbaseframe.sty
\beamer@framebox=\box70
\beamer@frametitlebox=\box71
\beamer@zoombox=\box72
\beamer@zoomcount=\count339
\beamer@zoomframecount=\count340
\beamer@frametextheight=\dimen283
\c@subsectionslide=\count341
\beamer@frametopskip=\skip56
\beamer@framebottomskip=\skip57
\beamer@frametopskipautobreak=\skip58
\beamer@framebottomskipautobreak=\skip59
\beamer@envbody=\toks32
\framewidth=\dimen284
\c@framenumber=\count342
) (c:/texlive/2026/texmf-dist/tex/latex/beamer/beamerbaseverbatim.sty
\beamer@verbatimfileout=\write4
) (c:/texlive/2026/texmf-dist/tex/latex/beamer/beamerbaseframesize.sty
\beamer@splitbox=\box73
\beamer@autobreakcount=\count343
\beamer@autobreaklastheight=\dimen285
\beamer@frametitletoks=\toks33
\beamer@framesubtitletoks=\toks34
) (c:/texlive/2026/texmf-dist/tex/latex/beamer/beamerbaseframecomponents.sty
\beamer@colheight=\skip60
\beamer@footins=\box74
) (c:/texlive/2026/texmf-dist/tex/latex/beamer/beamerbasecolor.sty) (c:/texlive/2026/texmf-dist/tex/latex/beamer/beamerbasenotes.sty
\beamer@frameboxcopy=\box75
) (c:/texlive/2026/texmf-dist/tex/latex/beamer/beamerbasetoc.sty) (c:/texlive/2026/texmf-dist/tex/latex/beamer/beamerbasetemplates.sty
\beamer@sbttoks=\toks35
 (c:/texlive/2026/texmf-dist/tex/latex/beamer/beamerbaseauxtemplates.sty (c:/texlive/2026/texmf-dist/tex/latex/beamer/beamerbaseboxes.sty
\bmb@box=\box76
\bmb@colorbox=\box77
\bmb@boxwidth=\dimen286
\bmb@boxheight=\dimen287
\bmb@prevheight=\dimen288
\bmb@temp=\dimen289
\bmb@dima=\dimen290
\bmb@dimb=\dimen291
\bmb@prevheight=\dimen292
)
\beamer@blockheadheight=\dimen293
)) (c:/texlive/2026/texmf-dist/tex/latex/beamer/beamerbaselocalstructure.sty (c:/texlive/2026/texmf-dist/tex/latex/tools/enumerate.sty
Package: enumerate 2023/07/04 v3.00 enumerate extensions (DPC)
\@enLab=\toks36
)
\beamer@bibiconwidth=\skip61
\c@figure=\count344
\c@table=\count345
\abovecaptionskip=\skip62
\belowcaptionskip=\skip63
) (c:/texlive/2026/texmf-dist/tex/latex/beamer/beamerbasenavigation.sty (c:/texlive/2026/texmf-dist/tex/latex/beamer/beamerbasenavigationsymbols.tex)
\beamer@section@min@dim=\dimen294
) (c:/texlive/2026/texmf-dist/tex/latex/beamer/beamerbasetheorems.sty (c:/texlive/2026/texmf-dist/tex/latex/amsmath/amsmath.sty
Package: amsmath 2025/07/09 v2.17z AMS math features
\@mathmargin=\skip64

For additional information on amsmath, use the `?' option.
(c:/texlive/2026/texmf-dist/tex/latex/amsmath/amstext.sty
Package: amstext 2024/11/17 v2.01 AMS text
 (c:/texlive/2026/texmf-dist/tex/latex/amsmath/amsgen.sty
File: amsgen.sty 1999/11/30 v2.0 generic functions
\@emptytoks=\toks37
\ex@=\dimen295
)) (c:/texlive/2026/texmf-dist/tex/latex/amsmath/amsbsy.sty
Package: amsbsy 1999/11/29 v1.2d Bold Symbols
\pmbraise@=\dimen296
) (c:/texlive/2026/texmf-dist/tex/latex/amsmath/amsopn.sty
Package: amsopn 2022/04/08 v2.04 operator names
)
\inf@bad=\count346
LaTeX Info: Redefining \frac on input line 233.
\uproot@=\count347
\leftroot@=\count348
LaTeX Info: Redefining \overline on input line 398.
LaTeX Info: Redefining \colon on input line 409.
\classnum@=\count349
\DOTSCASE@=\count350
LaTeX Info: Redefining \ldots on input line 495.
LaTeX Info: Redefining \dots on input line 498.
LaTeX Info: Redefining \cdots on input line 619.
\Mathstrutbox@=\box78
\strutbox@=\box79
LaTeX Info: Redefining \big on input line 721.
LaTeX Info: Redefining \Big on input line 722.
LaTeX Info: Redefining \bigg on input line 723.
LaTeX Info: Redefining \Bigg on input line 724.
\big@size=\dimen297
LaTeX Font Info:    Redeclaring font encoding OML on input line 742.
LaTeX Font Info:    Redeclaring font encoding OMS on input line 743.
\macc@depth=\count351
LaTeX Info: Redefining \bmod on input line 904.
LaTeX Info: Redefining \pmod on input line 909.
LaTeX Info: Redefining \smash on input line 939.
LaTeX Info: Redefining \relbar on input line 969.
LaTeX Info: Redefining \Relbar on input line 970.
\c@MaxMatrixCols=\count352
\dotsspace@=\muskip18
\c@parentequation=\count353
\dspbrk@lvl=\count354
\tag@help=\toks38
\row@=\count355
\column@=\count356
\maxfields@=\count357
\andhelp@=\toks39
\eqnshift@=\dimen298
\alignsep@=\dimen299
\tagshift@=\dimen300
\tagwidth@=\dimen301
\totwidth@=\dimen302
\lineht@=\dimen303
\@envbody=\toks40
\multlinegap=\skip65
\multlinetaggap=\skip66
\mathdisplay@stack=\toks41
LaTeX Info: Redefining \[ on input line 2950.
LaTeX Info: Redefining \] on input line 2951.
) (c:/texlive/2026/texmf-dist/tex/latex/amscls/amsthm.sty
Package: amsthm 2020/05/29 v2.20.6
\thm@style=\toks42
\thm@bodyfont=\toks43
\thm@headfont=\toks44
\thm@notefont=\toks45
\thm@headpunct=\toks46
\thm@preskip=\skip67
\thm@postskip=\skip68
\thm@headsep=\skip69
\dth@everypar=\toks47
)
\c@theorem=\count358
) (c:/texlive/2026/texmf-dist/tex/latex/beamer/beamerbasethemes.sty)) (c:/texlive/2026/texmf-dist/tex/latex/beamer/beamerthemedefault.sty (c:/texlive/2026/texmf-dist/tex/latex/beamer/beamerfontthemedefault.sty) (c:/texlive/2026/texmf-dist/tex/latex/beamer/beamercolorthemedefault.sty) (c:/texlive/2026/texmf-dist/tex/latex/beamer/beamerinnerthemedefault.sty
\beamer@dima=\dimen304
\beamer@dimb=\dimen305
) (c:/texlive/2026/texmf-dist/tex/latex/beamer/beamerouterthemedefault.sty))) (c:/texlive/2026/texmf-dist/tex/latex/base/inputenc.sty
Package: inputenc 2024/02/08 v1.3d Input encoding file
\inpenc@prehook=\toks48
\inpenc@posthook=\toks49
) (c:/texlive/2026/texmf-dist/tex/latex/base/fontenc.sty
Package: fontenc 2025/07/18 v2.1d Standard LaTeX package
) (c:/texlive/2026/texmf-dist/tex/generic/babel/babel.sty
Package: babel 2026/04/15 v26.6 The multilingual framework for LuaLaTeX, pdfLaTeX and XeLaTeX
\babel@savecnt=\count359
LaTeX Encoding Info:    Redeclaring text command \ij (encoding OT1) on input line 2078.
LaTeX Encoding Info:    Redeclaring text command \IJ (encoding OT1) on input line 2080.
LaTeX Encoding Info:    Redeclaring text command \ij (encoding T1) on input line 2082.
LaTeX Encoding Info:    Redeclaring text command \IJ (encoding T1) on input line 2083.
LaTeX Encoding Info:    Ignoring declaration for text command \ij (encoding ?) on input line 2084.
LaTeX Encoding Info:    Ignoring declaration for text command \IJ (encoding ?) on input line 2086.
LaTeX Encoding Info:    Ignoring declaration for text command \SS (encoding ?) on input line 2111.
\U@D=\dimen306
\l@unhyphenated=\language91
 (c:/texlive/2026/texmf-dist/tex/generic/babel/txtbabel.def)
\bbl@readstream=\read3
LaTeX Info: Redefining \textlatin on input line 3974.
\bbl@dirlevel=\count360
 (c:/texlive/2026/texmf-dist/tex/generic/babel/locale/es/babel-spanish.tex)
Package babel Info: Importing font and identification data for spanish
(babel)             from babel-es.ini. Reported on input line 4330.
 (c:/texlive/2026/texmf-dist/tex/generic/babel-spanish/spanish.ldf
Language: spanish.ldf 2021/05/27 v5.0q Spanish support from the babel system
\es@quottoks=\toks50
\es@quotdepth=\count361
))
LaTeX Encoding Info:    Redeclaring text command \guillemotleft (encoding OT1) on input line 25.
LaTeX Encoding Info:    Redeclaring text command \guillemotright (encoding OT1) on input line 25.
 (c:/texlive/2026/texmf-dist/tex/latex/lm/lmodern.sty
Package: lmodern 2015/05/01 v1.6.1 Latin Modern Fonts
LaTeX Font Info:    Overwriting symbol font `operators' in version `normal'
(Font)                  OT1/cmr/m/n --> OT1/lmr/m/n on input line 22.
LaTeX Font Info:    Overwriting symbol font `letters' in version `normal'
(Font)                  OML/cmm/m/it --> OML/lmm/m/it on input line 23.
LaTeX Font Info:    Overwriting symbol font `symbols' in version `normal'
(Font)                  OMS/cmsy/m/n --> OMS/lmsy/m/n on input line 24.
LaTeX Font Info:    Overwriting symbol font `largesymbols' in version `normal'
(Font)                  OMX/cmex/m/n --> OMX/lmex/m/n on input line 25.
LaTeX Font Info:    Overwriting symbol font `operators' in version `bold'
(Font)                  OT1/cmr/bx/n --> OT1/lmr/bx/n on input line 26.
LaTeX Font Info:    Overwriting symbol font `letters' in version `bold'
(Font)                  OML/cmm/b/it --> OML/lmm/b/it on input line 27.
LaTeX Font Info:    Overwriting symbol font `symbols' in version `bold'
(Font)                  OMS/cmsy/b/n --> OMS/lmsy/b/n on input line 28.
LaTeX Font Info:    Overwriting symbol font `largesymbols' in version `bold'
(Font)                  OMX/cmex/m/n --> OMX/lmex/m/n on input line 29.
LaTeX Font Info:    Overwriting math alphabet `\mathbf' in version `normal'
(Font)                  OT1/cmr/bx/n --> OT1/lmr/bx/n on input line 31.
LaTeX Font Info:    Overwriting math alphabet `\mathsf' in version `normal'
(Font)                  OT1/cmss/m/n --> OT1/lmss/m/n on input line 32.
LaTeX Font Info:    Overwriting math alphabet `\mathit' in version `normal'
(Font)                  OT1/cmr/m/it --> OT1/lmr/m/it on input line 33.
LaTeX Font Info:    Overwriting math alphabet `\mathtt' in version `normal'
(Font)                  OT1/cmtt/m/n --> OT1/lmtt/m/n on input line 34.
LaTeX Font Info:    Overwriting math alphabet `\mathbf' in version `bold'
(Font)                  OT1/cmr/bx/n --> OT1/lmr/bx/n on input line 35.
LaTeX Font Info:    Overwriting math alphabet `\mathsf' in version `bold'
(Font)                  OT1/cmss/bx/n --> OT1/lmss/bx/n on input line 36.
LaTeX Font Info:    Overwriting math alphabet `\mathit' in version `bold'
(Font)                  OT1/cmr/bx/it --> OT1/lmr/bx/it on input line 37.
LaTeX Font Info:    Overwriting math alphabet `\mathtt' in version `bold'
(Font)                  OT1/cmtt/m/n --> OT1/lmtt/m/n on input line 38.
) (c:/texlive/2026/texmf-dist/tex/latex/microtype/microtype.sty
Package: microtype 2026/03/01 v3.2d Micro-typographical refinements (RS)
\MT@toks=\toks51
\MT@tempbox=\box80
\MT@count=\count362
LaTeX Info: Redefining \noprotrusionifhmode on input line 1084.
LaTeX Info: Redefining \leftprotrusion on input line 1085.
\MT@prot@toks=\toks52
LaTeX Info: Redefining \rightprotrusion on input line 1104.
LaTeX Info: Redefining \textls on input line 1449.
\MT@outer@kern=\dimen307
LaTeX Info: Redefining \microtypecontext on input line 2053.
LaTeX Info: Redefining \textmicrotypecontext on input line 2070.
\MT@listname@count=\count363
 (c:/texlive/2026/texmf-dist/tex/latex/microtype/microtype-pdftex.def
File: microtype-pdftex.def 2026/03/01 v3.2d Definitions specific to pdftex (RS)
LaTeX Info: Redefining \lsstyle on input line 944.
LaTeX Info: Redefining \lslig on input line 944.
\MT@outer@space=\skip70
)
Package microtype Info: Loading configuration file microtype.cfg.
 (c:/texlive/2026/texmf-dist/tex/latex/microtype/microtype.cfg
File: microtype.cfg 2026/03/01 v3.2d microtype main configuration file (RS)
)
LaTeX Info: Redefining \microtypesetup on input line 3065.
) (c:/texlive/2026/texmf-dist/tex/latex/mathtools/mathtools.sty
Package: mathtools 2024/10/04 v1.31 mathematical typesetting tools
 (c:/texlive/2026/texmf-dist/tex/latex/tools/calc.sty
Package: calc 2025/03/01 v4.3b Infix arithmetic (KKT,FJ)
\calc@Acount=\count364
\calc@Bcount=\count365
\calc@Adimen=\dimen308
\calc@Bdimen=\dimen309
\calc@Askip=\skip71
\calc@Bskip=\skip72
LaTeX Info: Redefining \setlength on input line 86.
LaTeX Info: Redefining \addtolength on input line 87.
\calc@Ccount=\count366
\calc@Cskip=\skip73
) (c:/texlive/2026/texmf-dist/tex/latex/mathtools/mhsetup.sty
Package: mhsetup 2021/03/18 v1.4 programming setup (MH)
)
\g_MT_multlinerow_int=\count367
\l_MT_multwidth_dim=\dimen310
\origjot=\skip74
\l_MT_shortvdotswithinadjustabove_dim=\dimen311
\l_MT_shortvdotswithinadjustbelow_dim=\dimen312
\l_MT_above_intertext_sep=\dimen313
\l_MT_below_intertext_sep=\dimen314
\l_MT_above_shortintertext_sep=\dimen315
\l_MT_below_shortintertext_sep=\dimen316
\xmathstrut@box=\box81
\xmathstrut@dim=\dimen317
)
\sympureletters=\mathgroup6
LaTeX Font Info:    Overwriting symbol font `pureletters' in version `bold'
(Font)                  OT1/mathkerncmss/m/sl --> OT1/mathkerncmss/bx/sl on input line 27.
 (c:/texlive/2026/texmf-dist/tex/latex/tools/bm.sty
Package: bm 2025/10/21 v1.2g Bold Symbol Support (DPC/FMi)
\symboldoperators=\mathgroup7
\symboldletters=\mathgroup8
\symboldsymbols=\mathgroup9
Package bm Info: No bold for \OMX/lmex/m/n, using \pmb.
Package bm Info: No bold for \U/msa/m/n, using \pmb.
Package bm Info: No bold for \U/msb/m/n, using \pmb.
\symboldpureletters=\mathgroup10
LaTeX Font Info:    Redeclaring math alphabet \mathbf on input line 149.
) (c:/texlive/2026/texmf-dist/tex/latex/booktabs/booktabs.sty
Package: booktabs 2020/01/12 v1.61803398 Publication quality tables
\heavyrulewidth=\dimen318
\lightrulewidth=\dimen319
\cmidrulewidth=\dimen320
\belowrulesep=\dimen321
\belowbottomsep=\dimen322
\aboverulesep=\dimen323
\abovetopsep=\dimen324
\cmidrulesep=\dimen325
\cmidrulekern=\dimen326
\defaultaddspace=\dimen327
\@cmidla=\count368
\@cmidlb=\count369
\@aboverulesep=\dimen328
\@belowrulesep=\dimen329
\@thisruleclass=\count370
\@lastruleclass=\count371
\@thisrulewidth=\dimen330
) (c:/texlive/2026/texmf-dist/tex/latex/multirow/multirow.sty
Package: multirow 2024/11/12 v2.9 Span multiple rows of a table
\multirow@colwidth=\skip75
\multirow@cntb=\count372
\multirow@dima=\skip76
\bigstrutjot=\dimen331
) (c:/texlive/2026/texmf-dist/tex/latex/tools/multicol.sty
Package: multicol 2025/10/21 v2.0b multicolumn formatting (FMi)
\c@tracingmulticols=\count373
\mult@box=\box82
\multicol@leftmargin=\dimen332
\c@unbalance=\count374
\c@collectmore=\count375
\doublecol@number=\count376
\multicoltolerance=\count377
\multicolpretolerance=\count378
\full@width=\dimen333
\page@free=\dimen334
\premulticols=\dimen335
\postmulticols=\dimen336
\multicolsep=\skip77
\multicolbaselineskip=\skip78
\partial@page=\box83
\last@line=\box84
\mc@boxedresult=\box85
\maxbalancingoverflow=\dimen337
\mult@rightbox=\box86
\mult@grightbox=\box87
\mult@firstbox=\box88
\mult@gfirstbox=\box89
\@tempa=\box90
\@tempa=\box91
\@tempa=\box92
\@tempa=\box93
\@tempa=\box94
\@tempa=\box95
\@tempa=\box96
\@tempa=\box97
\@tempa=\box98
\@tempa=\box99
\@tempa=\box100
\@tempa=\box101
\@tempa=\box102
\@tempa=\box103
\@tempa=\box104
\@tempa=\box105
\@tempa=\box106
\@tempa=\box107
\@tempa=\box108
\@tempa=\box109
\@tempa=\box110
\@tempa=\box111
\@tempa=\box112
\@tempa=\box113
\@tempa=\box114
\@tempa=\box115
\@tempa=\box116
\@tempa=\box117
\@tempa=\box118
\@tempa=\box119
\@tempa=\box120
\@tempa=\box121
\@tempa=\box122
\@tempa=\box123
\@tempa=\box124
\@tempa=\box125
\c@minrows=\count379
\c@columnbadness=\count380
\c@finalcolumnbadness=\count381
\last@try=\dimen338
\multicolovershoot=\dimen339
\multicolundershoot=\dimen340
\mult@nat@firstbox=\box126
\colbreak@box=\box127
\mc@col@check@num=\count382
\g__mc_curr_col_int=\count383
) (c:/texlive/2026/texmf-dist/tex/latex/caption/caption.sty
Package: caption 2023/08/05 v3.6o Customizing captions (AR)
 (c:/texlive/2026/texmf-dist/tex/latex/caption/caption3.sty
Package: caption3 2023/07/31 v2.4d caption3 kernel (AR)
\caption@tempdima=\dimen341
\captionmargin=\dimen342
\caption@leftmargin=\dimen343
\caption@rightmargin=\dimen344
\caption@width=\dimen345
\caption@indent=\dimen346
\caption@parindent=\dimen347
\caption@hangindent=\dimen348
Package caption Info: beamer document class detected.
 (c:/texlive/2026/texmf-dist/tex/latex/caption/caption-beamer.sto
File: caption-beamer.sto 2022/01/06 v2.0c Adaption of the caption package to the beamer document classes (AR)
))
\c@caption@flags=\count384
\c@continuedfloat=\count385
Package caption Info: hyperref package is loaded.
Package caption Info: Hyperref support is turned off
(caption)             because hyperref has stopped early.
) (c:/texlive/2026/texmf-dist/tex/latex/tcolorbox/tcolorbox.sty
Package: tcolorbox 2025/11/28 version 6.9.0 text color boxes
 (c:/texlive/2026/texmf-dist/tex/latex/pgf/frontendlayer/tikz.sty (c:/texlive/2026/texmf-dist/tex/latex/pgf/basiclayer/pgf.sty
Package: pgf 2025-08-29 v3.1.11a (3.1.11a)
 (c:/texlive/2026/texmf-dist/tex/generic/pgf/modules/pgfmoduleshapes.code.tex
File: pgfmoduleshapes.code.tex 2025-08-29 v3.1.11a (3.1.11a)
\pgfnodeparttextbox=\box128
) (c:/texlive/2026/texmf-dist/tex/generic/pgf/modules/pgfmoduleplot.code.tex
File: pgfmoduleplot.code.tex 2025-08-29 v3.1.11a (3.1.11a)
) (c:/texlive/2026/texmf-dist/tex/latex/pgf/compatibility/pgfcomp-version-0-65.sty
Package: pgfcomp-version-0-65 2025-08-29 v3.1.11a (3.1.11a)
\pgf@nodesepstart=\dimen349
\pgf@nodesepend=\dimen350
) (c:/texlive/2026/texmf-dist/tex/latex/pgf/compatibility/pgfcomp-version-1-18.sty
Package: pgfcomp-version-1-18 2025-08-29 v3.1.11a (3.1.11a)
)) (c:/texlive/2026/texmf-dist/tex/latex/pgf/utilities/pgffor.sty (c:/texlive/2026/texmf-dist/tex/generic/pgf/utilities/pgffor.code.tex
Package: pgffor 2025-08-29 v3.1.11a (3.1.11a)
\pgffor@iter=\dimen351
\pgffor@skip=\dimen352
\pgffor@stack=\toks53
\pgffor@toks=\toks54
)) (c:/texlive/2026/texmf-dist/tex/generic/pgf/frontendlayer/tikz/tikz.code.tex
Package: tikz 2025-08-29 v3.1.11a (3.1.11a)
 (c:/texlive/2026/texmf-dist/tex/generic/pgf/libraries/pgflibraryplothandlers.code.tex
File: pgflibraryplothandlers.code.tex 2025-08-29 v3.1.11a (3.1.11a)
\pgf@plot@mark@count=\count386
\pgfplotmarksize=\dimen353
)
\tikz@lastx=\dimen354
\tikz@lasty=\dimen355
\tikz@lastxsaved=\dimen356
\tikz@lastysaved=\dimen357
\tikz@lastmovetox=\dimen358
\tikz@lastmovetoy=\dimen359
\tikzleveldistance=\dimen360
\tikzsiblingdistance=\dimen361
\tikz@figbox=\box129
\tikz@figbox@bg=\box130
\tikz@tempbox=\box131
\tikz@tempbox@bg=\box132
\tikztreelevel=\count387
\tikznumberofchildren=\count388
\tikznumberofcurrentchild=\count389
\tikz@fig@count=\count390
 (c:/texlive/2026/texmf-dist/tex/generic/pgf/modules/pgfmodulematrix.code.tex
File: pgfmodulematrix.code.tex 2025-08-29 v3.1.11a (3.1.11a)
\pgfmatrixcurrentrow=\count391
\pgfmatrixcurrentcolumn=\count392
\pgf@matrix@numberofcolumns=\count393
)
\tikz@expandcount=\count394
 (c:/texlive/2026/texmf-dist/tex/generic/pgf/frontendlayer/tikz/libraries/tikzlibrarytopaths.code.tex
File: tikzlibrarytopaths.code.tex 2025-08-29 v3.1.11a (3.1.11a)
))) (c:/texlive/2026/texmf-dist/tex/latex/tools/verbatim.sty
Package: verbatim 2024-01-22 v1.5x LaTeX2e package for verbatim enhancements
\every@verbatim=\toks55
\verbatim@line=\toks56
\verbatim@in@stream=\read4
) (c:/texlive/2026/texmf-dist/tex/latex/environ/environ.sty
Package: environ 2014/05/04 v0.3 A new way to define environments
 (c:/texlive/2026/texmf-dist/tex/latex/trimspaces/trimspaces.sty
Package: trimspaces 2009/09/17 v1.1 Trim spaces around a token list
))
\tcb@titlebox=\box133
\tcb@upperbox=\box134
\tcb@lowerbox=\box135
\tcb@phantombox=\box136
\c@tcbbreakpart=\count395
\c@tcblayer=\count396
\c@tcolorbox@number=\count397
\l__tcobox_tmpa_box=\box137
\l__tcobox_tmpa_dim=\dimen362
\tcb@temp=\box138
\tcb@temp=\box139
\tcb@temp=\box140
\tcb@temp=\box141
) (c:/texlive/2026/texmf-dist/tex/latex/tcolorbox/tcbskins.code.tex
Library (tcolorbox): 'tcbskins.code.tex' version '6.9.0'
(c:/texlive/2026/texmf-dist/tex/latex/tikzfill/tikzfill.image.sty
Package: tikzfill.image 2026/04/23 v1.2.0 Image filling library for TikZ
 (c:/texlive/2026/texmf-dist/tex/latex/tikzfill/tikzlibraryfill.image.code.tex
File: tikzlibraryfill.image.code.tex 2026/04/23 v1.2.0 Image filling library
\l__tikzfill_tmpa_dim=\dimen363
\l__tikzfill_tmpb_dim=\dimen364
\l__tikzfill_img_box=\box142
)) (c:/texlive/2026/texmf-dist/tex/latex/tcolorbox/tcbskinsjigsaw.code.tex
Library (tcolorbox): 'tcbskinsjigsaw.code.tex' version '6.9.0'
)) (c:/texlive/2026/texmf-dist/tex/generic/pgf/frontendlayer/tikz/libraries/tikzlibrarypositioning.code.tex
File: tikzlibrarypositioning.code.tex 2025-08-29 v3.1.11a (3.1.11a)
) (c:/texlive/2026/texmf-dist/tex/generic/pgf/libraries/pgflibraryarrows.meta.code.tex
File: pgflibraryarrows.meta.code.tex 2025-08-29 v3.1.11a (3.1.11a)
\pgfarrowinset=\dimen365
\pgfarrowlength=\dimen366
\pgfarrowwidth=\dimen367
\pgfarrowlinewidth=\dimen368
) (c:/texlive/2026/texmf-dist/tex/generic/pgf/frontendlayer/tikz/libraries/tikzlibrarycalc.code.tex
File: tikzlibrarycalc.code.tex 2025-08-29 v3.1.11a (3.1.11a)
) (c:/texlive/2026/texmf-dist/tex/generic/pgf/frontendlayer/tikz/libraries/tikzlibraryshapes.geometric.code.tex
File: tikzlibraryshapes.geometric.code.tex 2025-08-29 v3.1.11a (3.1.11a)
 (c:/texlive/2026/texmf-dist/tex/generic/pgf/libraries/shapes/pgflibraryshapes.geometric.code.tex
File: pgflibraryshapes.geometric.code.tex 2025-08-29 v3.1.11a (3.1.11a)
)) (c:/texlive/2026/texmf-dist/tex/generic/pgf/frontendlayer/tikz/libraries/tikzlibraryfit.code.tex
File: tikzlibraryfit.code.tex 2025-08-29 v3.1.11a (3.1.11a)
) (c:/texlive/2026/texmf-dist/tex/generic/pgf/frontendlayer/tikz/libraries/tikzlibrarybackgrounds.code.tex
File: tikzlibrarybackgrounds.code.tex 2025-08-29 v3.1.11a (3.1.11a)
\pgf@layerbox@background=\box143
\pgf@layerboxsaved@background=\box144
) (c:/texlive/2026/texmf-dist/tex/latex/beamer/beamerthemeMadrid.sty (c:/texlive/2026/texmf-dist/tex/latex/beamer/beamercolorthemewhale.sty) (c:/texlive/2026/texmf-dist/tex/latex/beamer/beamercolorthemeorchid.sty) (c:/texlive/2026/texmf-dist/tex/latex/beamer/beamerinnerthemerounded.sty) (c:/texlive/2026/texmf-dist/tex/latex/beamer/beamerouterthemeinfolines.sty)) (c:/texlive/2026/texmf-dist/tex/latex/beamer/beamerinnerthemerectangles.sty) (c:/texlive/2026/texmf-dist/tex/latex/beamer/beamerfontthemeserif.sty)

Package hyperref Warning: Token not allowed in a PDF string (Unicode):
(hyperref)                removing `\leavevmode@ifvmode' on input line 147.


Package hyperref Warning: Token not allowed in a PDF string (Unicode):
(hyperref)                \kern 3.02132pt
(hyperref)                removed on input line 147.

LaTeX Font Info:    Trying to load font information for T1+lmss on input line 147.
(c:/texlive/2026/texmf-dist/tex/latex/lm/t1lmss.fd
File: t1lmss.fd 2015/05/01 v1.6.1 Font defs for Latin Modern
) (c:/texlive/2026/texmf-dist/tex/latex/l3backend/l3backend-pdftex.def
File: l3backend-pdftex.def 2026-02-18 L3 backend support: PDF output (pdfTeX)
\l__color_backend_stack_int=\count398
) (build/presentacion-widrow-lehr.aux
LaTeX Info: Redefining \. on input line 8.
LaTeX Info: Redefining \% on input line 8.
Package babel Info: 'spanish' activates 'spanish' shorthands.
(babel)             Reported on input line 8.
)
\openout1 = `presentacion-widrow-lehr.aux'.

LaTeX Font Info:    Checking defaults for OML/cmm/m/it on input line 147.
LaTeX Font Info:    ... okay on input line 147.
LaTeX Font Info:    Checking defaults for OMS/cmsy/m/n on input line 147.
LaTeX Font Info:    ... okay on input line 147.
LaTeX Font Info:    Checking defaults for OT1/cmr/m/n on input line 147.
LaTeX Font Info:    ... okay on input line 147.
LaTeX Font Info:    Checking defaults for T1/cmr/m/n on input line 147.
LaTeX Font Info:    ... okay on input line 147.
LaTeX Font Info:    Checking defaults for TS1/cmr/m/n on input line 147.
LaTeX Font Info:    ... okay on input line 147.
LaTeX Font Info:    Checking defaults for OMX/cmex/m/n on input line 147.
LaTeX Font Info:    ... okay on input line 147.
LaTeX Font Info:    Checking defaults for U/cmr/m/n on input line 147.
LaTeX Font Info:    ... okay on input line 147.
LaTeX Font Info:    Checking defaults for PD1/pdf/m/n on input line 147.
LaTeX Font Info:    ... okay on input line 147.
LaTeX Font Info:    Checking defaults for PU/pdf/m/n on input line 147.
LaTeX Font Info:    ... okay on input line 147.

*geometry* driver: auto-detecting
*geometry* detected driver: pdftex
*geometry* verbose mode - [ preamble ] result:
* driver: pdftex
* paper: custom
* layout: <same size as paper>
* layoutoffset:(h,v)=(0.0pt,0.0pt)
* modes: includehead includefoot 
* h-part:(L,W,R)=(10.88002pt, 433.48404pt, 10.88002pt)
* v-part:(T,H,B)=(0.0pt, 256.0748pt, 0.0pt)
* \paperwidth=455.24408pt
* \paperheight=256.0748pt
* \textwidth=433.48404pt
* \textheight=227.62207pt
* \oddsidemargin=-61.38997pt
* \evensidemargin=-61.38997pt
* \topmargin=-72.26999pt
* \headheight=14.22636pt
* \headsep=0.0pt
* \topskip=11.0pt
* \footskip=14.22636pt
* \marginparwidth=4.0pt
* \marginparsep=10.0pt
* \columnsep=10.0pt
* \skip\footins=10.0pt plus 4.0pt minus 2.0pt
* \hoffset=0.0pt
* \voffset=0.0pt
* \mag=1000
* \@twocolumnfalse
* \@twosidefalse
* \@mparswitchfalse
* \@reversemarginfalse
* (1in=72.27pt=25.4mm, 1cm=28.453pt)

(c:/texlive/2026/texmf-dist/tex/context/base/mkii/supp-pdf.mkii
[Loading MPS to PDF converter (version 2006.09.02).]
\scratchcounter=\count399
\scratchdimen=\dimen369
\scratchbox=\box145
\nofMPsegments=\count400
\nofMParguments=\count401
\everyMPshowfont=\toks57
\MPscratchCnt=\count402
\MPscratchDim=\dimen370
\MPnumerator=\count403
\makeMPintoPDFobject=\count404
\everyMPtoPDFconversion=\toks58
) (c:/texlive/2026/texmf-dist/tex/latex/epstopdf-pkg/epstopdf-base.sty
Package: epstopdf-base 2020-01-24 v2.11 Base part for package epstopdf
Package epstopdf-base Info: Redefining graphics rule for `.eps' on input line 485.
 (c:/texlive/2026/texmf-dist/tex/latex/latexconfig/epstopdf-sys.cfg
File: epstopdf-sys.cfg 2010/07/13 v1.3 Configuration of (r)epstopdf for TeX Live
))
Package hyperref Info: Link coloring OFF on input line 147.
 (build/presentacion-widrow-lehr.out) (build/presentacion-widrow-lehr.out)
\@outlinefile=\write5
\openout5 = `presentacion-widrow-lehr.out'.

 (c:/texlive/2026/texmf-dist/tex/latex/translator/translator-basic-dictionary-English.dict
Dictionary: translator-basic-dictionary, Language: English 
) (c:/texlive/2026/texmf-dist/tex/latex/translator/translator-bibliography-dictionary-English.dict
Dictionary: translator-bibliography-dictionary, Language: English 
) (c:/texlive/2026/texmf-dist/tex/latex/translator/translator-environment-dictionary-English.dict
Dictionary: translator-environment-dictionary, Language: English 
) (c:/texlive/2026/texmf-dist/tex/latex/translator/translator-months-dictionary-English.dict
Dictionary: translator-months-dictionary, Language: English 
) (c:/texlive/2026/texmf-dist/tex/latex/translator/translator-numbers-dictionary-English.dict
Dictionary: translator-numbers-dictionary, Language: English 
) (c:/texlive/2026/texmf-dist/tex/latex/translator/translator-theorem-dictionary-English.dict
Dictionary: translator-theorem-dictionary, Language: English 
)
LaTeX Info: Redefining \. on input line 147.
LaTeX Info: Redefining \% on input line 147.
LaTeX Info: Redefining \microtypecontext on input line 147.
Package microtype Info: Applying patch `item' on input line 147.
Package microtype Info: Applying patch `toc' on input line 147.
Package microtype Info: Applying patch `eqnum' on input line 147.
Package microtype Info: Applying patch `footnote' on input line 147.
Package microtype Info: Applying patch `verbatim' on input line 147.
LaTeX Info: Redefining \microtypesetup on input line 147.
Package microtype Info: Generating PDF output.
Package microtype Info: Character protrusion enabled (level 2).
Package microtype Info: Using default protrusion set `alltext'.
Package microtype Info: Automatic font expansion enabled (level 2),
(microtype)             stretch: 20, shrink: 20, step: 1, non-selected.
Package microtype Info: Using default expansion set `alltext-nott'.
Package microtype Info: Patching command `\showhyphens'.
Package microtype Info: No adjustment of tracking.
Package microtype Info: No adjustment of interword spacing.
Package microtype Info: No adjustment of character kerning.
Package microtype Info: Loading generic protrusion settings for font family
(microtype)             `lmss' (encoding: T1).
(microtype)             For optimal results, create family-specific settings.
(microtype)             See the microtype manual for details.
Package caption Info: Begin \AtBeginDocument code.
Package caption Info: End \AtBeginDocument code.
 (build/presentacion-widrow-lehr.nav)
Overfull \hbox (6.0719pt too wide) in paragraph at lines 147--147
 [][][][]  
 []

LaTeX Font Info:    Trying to load font information for TS1+lmss on input line 175.
(c:/texlive/2026/texmf-dist/tex/latex/lm/ts1lmss.fd
File: ts1lmss.fd 2015/05/01 v1.6.1 Font defs for Latin Modern
)
Package microtype Info: Loading generic protrusion settings for font family
(microtype)             `lmss' (encoding: TS1).
(microtype)             For optimal results, create family-specific settings.
(microtype)             See the microtype manual for details.
 [1{c:/texlive/2026/texmf-var/fonts/map/pdftex/updmap/pdftex.map}{c:/texlive/2026/texmf-dist/fonts/enc/dvips/lm/lm-ec.enc}{c:/texlive/2026/texmf-dist/fonts/enc/dvips/lm/lm-ts1.enc}

]
Overfull \hbox (6.0719pt too wide) in paragraph at lines 186--186
 [][][][]  
 []

(build/presentacion-widrow-lehr.toc
LaTeX Info: Redefining \. on input line 1.
LaTeX Info: Redefining \% on input line 1.
) (build/presentacion-widrow-lehr.toc
LaTeX Info: Redefining \. on input line 1.
LaTeX Info: Redefining \% on input line 1.
)
Overfull \hbox (6.78024pt too wide) has occurred while \output is active
 [][][][]  
 []

[2

]
Overfull \hbox (6.0719pt too wide) in paragraph at lines 201--201
 [][][][]  
 []

[3

]
Overfull \hbox (6.0719pt too wide) in paragraph at lines 226--226
 [][][][]  
 []

LaTeX Font Info:    Font shape `T1/lmss/m/it' in size <10.95> not available
(Font)              Font shape `T1/lmss/m/sl' tried instead on input line 226.

Underfull \hbox (badness 10000) in paragraph at lines 226--226
[]\T1/lmss/m/n/10.95 (+20) Aplicaciones his-tó-ri-cas:
 []


Overfull \hbox (6.78024pt too wide) has occurred while \output is active
 [][][][]  
 []

[4

]
Overfull \hbox (6.0719pt too wide) in paragraph at lines 243--243
 [][][][]  
 []


Overfull \hbox (6.78024pt too wide) has occurred while \output is active
 [][][][]  
 []

[5

]
Overfull \hbox (6.0719pt too wide) in paragraph at lines 261--261
 [][][][]  
 []

LaTeX Font Info:    Trying to load font information for OT1+lmr on input line 261.
(c:/texlive/2026/texmf-dist/tex/latex/lm/ot1lmr.fd
File: ot1lmr.fd 2015/05/01 v1.6.1 Font defs for Latin Modern
) (c:/texlive/2026/texmf-dist/tex/latex/microtype/mt-cmr.cfg
File: mt-cmr.cfg 2013/05/19 v2.2 microtype config. file: Computer Modern Roman (RS)
)
LaTeX Font Info:    Trying to load font information for OML+lmm on input line 261.
 (c:/texlive/2026/texmf-dist/tex/latex/lm/omllmm.fd
File: omllmm.fd 2015/05/01 v1.6.1 Font defs for Latin Modern
)
LaTeX Font Info:    Trying to load font information for OMS+lmsy on input line 261.
 (c:/texlive/2026/texmf-dist/tex/latex/lm/omslmsy.fd
File: omslmsy.fd 2015/05/01 v1.6.1 Font defs for Latin Modern
)
LaTeX Font Info:    Trying to load font information for OMX+lmex on input line 261.
 (c:/texlive/2026/texmf-dist/tex/latex/lm/omxlmex.fd
File: omxlmex.fd 2015/05/01 v1.6.1 Font defs for Latin Modern
)
LaTeX Font Info:    External font `lmex10' loaded for size
(Font)              <10.95> on input line 261.
LaTeX Font Info:    External font `lmex10' loaded for size
(Font)              <8> on input line 261.
LaTeX Font Info:    External font `lmex10' loaded for size
(Font)              <6> on input line 261.
LaTeX Font Info:    Trying to load font information for U+msa on input line 261.
 (c:/texlive/2026/texmf-dist/tex/latex/amsfonts/umsa.fd
File: umsa.fd 2013/01/14 v3.01 AMS symbols A
) (c:/texlive/2026/texmf-dist/tex/latex/microtype/mt-msa.cfg
File: mt-msa.cfg 2006/02/04 v1.1 microtype config. file: AMS symbols (a) (RS)
)
LaTeX Font Info:    Trying to load font information for U+msb on input line 261.
 (c:/texlive/2026/texmf-dist/tex/latex/amsfonts/umsb.fd
File: umsb.fd 2013/01/14 v3.01 AMS symbols B
) (c:/texlive/2026/texmf-dist/tex/latex/microtype/mt-msb.cfg
File: mt-msb.cfg 2005/06/01 v1.0 microtype config. file: AMS symbols (b) (RS)
)
LaTeX Font Info:    Trying to load font information for OT1+mathkerncmss on input line 261.
 (c:/texlive/2026/texmf-dist/tex/latex/sansmathaccent/ot1mathkerncmss.fd
File: ot1mathkerncmss.fd 2020/01/31 Fontinst v1.933 font definitions for OT1/mathkerncmss.
)
Package microtype Info: Loading generic protrusion settings for font family
(microtype)             `mathkerncmss' (encoding: OT1).
(microtype)             For optimal results, create family-specific settings.
(microtype)             See the microtype manual for details.

Overfull \hbox (6.78024pt too wide) has occurred while \output is active
 [][][][]  
 []

[6

{c:/texlive/2026/texmf-dist/fonts/enc/dvips/lm/lm-rm.enc}{c:/texlive/2026/texmf-dist/fonts/enc/dvips/lm/lm-mathit.enc}{c:/texlive/2026/texmf-dist/fonts/enc/dvips/lm/lm-mathsy.enc}]
Overfull \hbox (6.0719pt too wide) in paragraph at lines 264--264
 [][][][]  
 []

[7

]
Overfull \hbox (6.0719pt too wide) in paragraph at lines 305--305
 [][][][]  
 []

<figuras/paper_adaline.png, id=218, 579.16376pt x 482.80376pt>
File: figuras/paper_adaline.png Graphic file (type png)
<use figuras/paper_adaline.png>
Package pdftex.def Info: figuras/paper_adaline.png  used on input line 305.
(pdftex.def)             Requested size: 189.79019pt x 158.21332pt.

Overfull \hbox (6.78024pt too wide) has occurred while \output is active
 [][][][]  
 []

[8

 <./figuras/paper_adaline.png>]
Overfull \hbox (6.0719pt too wide) in paragraph at lines 330--330
 [][][][]  
 []

<figuras/paper_frontera_lineal.png, id=266, 503.8825pt x 370.38374pt>
File: figuras/paper_frontera_lineal.png Graphic file (type png)
<use figuras/paper_frontera_lineal.png>
Package pdftex.def Info: figuras/paper_frontera_lineal.png  used on input line 330.
(pdftex.def)             Requested size: 178.0607pt x 130.88284pt.
LaTeX Font Info:    External font `lmex10' loaded for size
(Font)              <5> on input line 330.
LaTeX Font Info:    Font shape `T1/lmss/m/it' in size <8> not available
(Font)              Font shape `T1/lmss/m/sl' tried instead on input line 330.

Overfull \hbox (6.78024pt too wide) has occurred while \output is active
 [][][][]  
 []

[9

 <./figuras/paper_frontera_lineal.png>]
Overfull \hbox (6.0719pt too wide) in paragraph at lines 354--354
 [][][][]  
 []

<figuras/fig_cover.png, id=276, 640.67355pt x 423.86356pt>
File: figuras/fig_cover.png Graphic file (type png)
<use figuras/fig_cover.png>
Package pdftex.def Info: figuras/fig_cover.png  used on input line 354.
(pdftex.def)             Requested size: 203.73802pt x 134.78537pt.

Overfull \hbox (6.78024pt too wide) has occurred while \output is active
 [][][][]  
 []

[10

{c:/texlive/2026/texmf-dist/fonts/enc/dvips/lm/lm-mathex.enc} <./figuras/fig_cover.png>]
Overfull \hbox (6.0719pt too wide) in paragraph at lines 384--384
 [][][][]  
 []

<figuras/paper_preproc_poli.png, id=300, 605.26125pt x 314.17375pt>
File: figuras/paper_preproc_poli.png Graphic file (type png)
<use figuras/paper_preproc_poli.png>
Package pdftex.def Info: figuras/paper_preproc_poli.png  used on input line 384.
(pdftex.def)             Requested size: 187.56439pt x 97.35928pt.
<figuras/paper_elipse_xnor.png, id=301, 518.93875pt x 353.32pt>
File: figuras/paper_elipse_xnor.png Graphic file (type png)
<use figuras/paper_elipse_xnor.png>
Package pdftex.def Info: figuras/paper_elipse_xnor.png  used on input line 384.
(pdftex.def)             Requested size: 142.99762pt x 97.36008pt.

Overfull \hbox (6.78024pt too wide) has occurred while \output is active
 [][][][]  
 []

[11

 <./figuras/paper_preproc_poli.png> <./figuras/paper_elipse_xnor.png>]
Overfull \hbox (6.0719pt too wide) in paragraph at lines 414--414
 [][][][]  
 []


Overfull \hbox (6.78024pt too wide) has occurred while \output is active
 [][][][]  
 []

[12

]
Overfull \hbox (6.0719pt too wide) in paragraph at lines 437--437
 [][][][]  
 []

<figuras/paper_madaline1.png, id=341, 450.18187pt x 335.75438pt>
File: figuras/paper_madaline1.png Graphic file (type png)
<use figuras/paper_madaline1.png>
Package pdftex.def Info: figuras/paper_madaline1.png  used on input line 437.
(pdftex.def)             Requested size: 163.17816pt x 121.70143pt.
<figuras/paper_red_3capas.png, id=342, 542.025pt x 292.09125pt>
File: figuras/paper_red_3capas.png Graphic file (type png)
<use figuras/paper_red_3capas.png>
Package pdftex.def Info: figuras/paper_red_3capas.png  used on input line 437.
(pdftex.def)             Requested size: 203.25887pt x 109.53394pt.

Overfull \vbox (1.62097pt too high) detected at line 437
 []


Overfull \hbox (6.78024pt too wide) has occurred while \output is active
 [][][][]  
 []

[13

 <./figuras/paper_madaline1.png> <./figuras/paper_red_3capas.png>]
Overfull \hbox (6.0719pt too wide) in paragraph at lines 440--440
 [][][][]  
 []

[14

]
Overfull \hbox (6.0719pt too wide) in paragraph at lines 486--486
 [][][][]  
 []

LaTeX Font Info:    Font shape `T1/lmss/m/it' in size <9> not available
(Font)              Font shape `T1/lmss/m/sl' tried instead on input line 486.
LaTeX Font Info:    External font `lmex10' loaded for size
(Font)              <9> on input line 486.

Overfull \hbox (6.78024pt too wide) has occurred while \output is active
 [][][][]  
 []

[15

]
Overfull \hbox (6.0719pt too wide) in paragraph at lines 508--508
 [][][][]  
 []

LaTeX Font Info:    External font `lmex10' loaded for size
(Font)              <14.4> on input line 508.
LaTeX Font Info:    External font `lmex10' loaded for size
(Font)              <10> on input line 508.
LaTeX Font Info:    External font `lmex10' loaded for size
(Font)              <7> on input line 508.

Overfull \hbox (6.78024pt too wide) has occurred while \output is active
 [][][][]  
 []

[16

]
Overfull \hbox (6.0719pt too wide) in paragraph at lines 531--531
 [][][][]  
 []

<figuras/paper_perceptron_rosenblatt.png, id=436, 447.92343pt x 304.13625pt>
File: figuras/paper_perceptron_rosenblatt.png Graphic file (type png)
<use figuras/paper_perceptron_rosenblatt.png>
Package pdftex.def Info: figuras/paper_perceptron_rosenblatt.png  used on input line 531.
(pdftex.def)             Requested size: 199.4039pt x 135.39357pt.

Overfull \vbox (11.56091pt too high) detected at line 531
 []


Overfull \hbox (6.78024pt too wide) has occurred while \output is active
 [][][][]  
 []

[17

 <./figuras/paper_perceptron_rosenblatt.png>]
Overfull \hbox (6.0719pt too wide) in paragraph at lines 550--550
 [][][][]  
 []

LaTeX Font Info:    Font shape `T1/lmss/m/it' in size <14.4> not available
(Font)              Font shape `T1/lmss/m/sl' tried instead on input line 550.

Overfull \hbox (6.78024pt too wide) has occurred while \output is active
 [][][][]  
 []

[18

]
Overfull \hbox (6.0719pt too wide) in paragraph at lines 567--567
 [][][][]  
 []

LaTeX Font Info:    External font `lmex10' loaded for size
(Font)              <12> on input line 567.

Overfull \hbox (6.78024pt too wide) has occurred while \output is active
 [][][][]  
 []

[19

]
Overfull \hbox (6.0719pt too wide) in paragraph at lines 583--583
 [][][][]  
 []

LaTeX Font Info:    Font shape `T1/lmss/m/it' in size <12> not available
(Font)              Font shape `T1/lmss/m/sl' tried instead on input line 583.

Overfull \hbox (6.78024pt too wide) has occurred while \output is active
 [][][][]  
 []

[20

]
Overfull \hbox (6.0719pt too wide) in paragraph at lines 597--597
 [][][][]  
 []

<figuras/paper_mrii.png, id=504, 592.2125pt x 428.60126pt>
File: figuras/paper_mrii.png Graphic file (type png)
<use figuras/paper_mrii.png>
Package pdftex.def Info: figuras/paper_mrii.png  used on input line 597.
(pdftex.def)             Requested size: 221.9707pt x 160.64659pt.

Overfull \hbox (6.78024pt too wide) has occurred while \output is active
 [][][][]  
 []

[21

 <./figuras/paper_mrii.png>]
Overfull \hbox (6.0719pt too wide) in paragraph at lines 617--617
 [][][][]  
 []


Overfull \hbox (6.78024pt too wide) has occurred while \output is active
 [][][][]  
 []

[22

]
Overfull \hbox (6.0719pt too wide) in paragraph at lines 639--639
 [][][][]  
 []

<figuras/fig_superficies_mse.png, id=533, 1186.31206pt x 355.5684pt>
File: figuras/fig_superficies_mse.png Graphic file (type png)
<use figuras/fig_superficies_mse.png>
Package pdftex.def Info: figuras/fig_superficies_mse.png  used on input line 639.
(pdftex.def)             Requested size: 416.14758pt x 124.73293pt.

Overfull \hbox (6.78024pt too wide) has occurred while \output is active
 [][][][]  
 []

[23

 <./figuras/fig_superficies_mse.png>]
Overfull \hbox (6.0719pt too wide) in paragraph at lines 666--666
 [][][][]  
 []

<figuras/paper_mse_lineal.png, id=554, 599.23875pt x 363.3575pt>
File: figuras/paper_mse_lineal.png Graphic file (type png)
<use figuras/paper_mse_lineal.png>
Package pdftex.def Info: figuras/paper_mse_lineal.png  used on input line 666.
(pdftex.def)             Requested size: 147.3771pt x 89.36433pt.
<figuras/paper_mse_sigmoid.png, id=555, 600.2425pt x 375.4025pt>
File: figuras/paper_mse_sigmoid.png Graphic file (type png)
<use figuras/paper_mse_sigmoid.png>
Package pdftex.def Info: figuras/paper_mse_sigmoid.png  used on input line 666.
(pdftex.def)             Requested size: 147.37668pt x 92.17203pt.
<figuras/paper_mse_signum.png, id=556, 690.58pt x 366.36874pt>
File: figuras/paper_mse_signum.png Graphic file (type png)
<use figuras/paper_mse_signum.png>
Package pdftex.def Info: figuras/paper_mse_signum.png  used on input line 666.
(pdftex.def)             Requested size: 147.37592pt x 78.18634pt.

Overfull \vbox (5.16502pt too high) detected at line 666
 []


Overfull \hbox (6.78024pt too wide) has occurred while \output is active
 [][][][]  
 []

[24

 <./figuras/paper_mse_lineal.png> <./figuras/paper_mse_sigmoid.png> <./figuras/paper_mse_signum.png>]
Overfull \hbox (6.0719pt too wide) in paragraph at lines 685--685
 [][][][]  
 []


Overfull \hbox (6.78024pt too wide) has occurred while \output is active
 [][][][]  
 []

[25

]
Overfull \hbox (6.0719pt too wide) in paragraph at lines 699--699
 [][][][]  
 []

<figuras/paper_bp_red.png, id=588, 1016.79875pt x 654.445pt>
File: figuras/paper_bp_red.png Graphic file (type png)
<use figuras/paper_bp_red.png>
Package pdftex.def Info: figuras/paper_bp_red.png  used on input line 699.
(pdftex.def)             Requested size: 272.28964pt x 175.25453pt.

Overfull \vbox (0.70561pt too high) detected at line 699
 []


Overfull \hbox (6.78024pt too wide) has occurred while \output is active
 [][][][]  
 []

[26

 <./figuras/paper_bp_red.png>]
Overfull \hbox (6.0719pt too wide) in paragraph at lines 721--721
 [][][][]  
 []

<figuras/paper_bp_detalle.png, id=598, 556.0775pt x 412.54124pt>
File: figuras/paper_bp_detalle.png Graphic file (type png)
<use figuras/paper_bp_detalle.png>
Package pdftex.def Info: figuras/paper_bp_detalle.png  used on input line 721.
(pdftex.def)             Requested size: 170.60886pt x 126.57083pt.

Overfull \hbox (6.78024pt too wide) has occurred while \output is active
 [][][][]  
 []

[27

 <./figuras/paper_bp_detalle.png>]
Overfull \hbox (6.0719pt too wide) in paragraph at lines 743--743
 [][][][]  
 []


Overfull \hbox (6.78024pt too wide) has occurred while \output is active
 [][][][]  
 []

[28

]
Overfull \hbox (6.0719pt too wide) in paragraph at lines 762--762
 [][][][]  
 []

<figuras/paper_mriii_red.png, id=638, 606.265pt x 414.54875pt>
File: figuras/paper_mriii_red.png Graphic file (type png)
<use figuras/paper_mriii_red.png>
Package pdftex.def Info: figuras/paper_mriii_red.png  used on input line 762.
(pdftex.def)             Requested size: 206.4604pt x 141.17242pt.

Underfull \hbox (badness 1052) in paragraph at lines 762--762
[]\T1/lmss/m/n/10.95 (+20) Ese úni-co cam-bio ha-ce que
 []


Underfull \hbox (badness 1142) in paragraph at lines 762--762
\T1/lmss/bx/n/10.95 (+20) coin-ci-da con back-pro-pa-ga-
 []


Overfull \hbox (6.78024pt too wide) has occurred while \output is active
 [][][][]  
 []

[29

 <./figuras/paper_mriii_red.png>]
Overfull \hbox (6.0719pt too wide) in paragraph at lines 765--765
 [][][][]  
 []

[30

]
Overfull \hbox (6.0719pt too wide) in paragraph at lines 792--792
 [][][][]  
 []


Overfull \hbox (6.78024pt too wide) has occurred while \output is active
 [][][][]  
 []

[31

]
Overfull \hbox (6.0719pt too wide) in paragraph at lines 823--823
 [][][][]  
 []


Underfull \hbox (badness 2334) in paragraph at lines 823--823
[]|\T1/lmss/m/n/9 (+20) Iris, Wi-ne, MNIST-04,
 []


Overfull \hbox (6.78024pt too wide) has occurred while \output is active
 [][][][]  
 []

[32

]
Overfull \hbox (6.0719pt too wide) in paragraph at lines 844--844
 [][][][]  
 []

<figuras/fig_datasets.png, id=704, 1074.6549pt x 351.59355pt>
File: figuras/fig_datasets.png Graphic file (type png)
<use figuras/fig_datasets.png>
Package pdftex.def Info: figuras/fig_datasets.png  used on input line 844.
(pdftex.def)             Requested size: 297.58894pt x 97.3618pt.

Overfull \hbox (6.78024pt too wide) has occurred while \output is active
 [][][][]  
 []

[33

 <./figuras/fig_datasets.png>]
Overfull \hbox (6.0719pt too wide) in paragraph at lines 865--865
 [][][][]  
 []

<figuras/fig_iris_clases.png, id=725, 548.7702pt x 186.4566pt>
File: figuras/fig_iris_clases.png Graphic file (type png)
<use figuras/fig_iris_clases.png>
Package pdftex.def Info: figuras/fig_iris_clases.png  used on input line 865.
(pdftex.def)             Requested size: 216.74092pt x 73.64243pt.
<figuras/fig_mnist04_clases.png, id=726, 534.3162pt x 125.7498pt>
File: figuras/fig_mnist04_clases.png Graphic file (type png)
<use figuras/fig_mnist04_clases.png>
Package pdftex.def Info: figuras/fig_mnist04_clases.png  used on input line 865.
(pdftex.def)             Requested size: 216.73929pt x 51.00897pt.

Overfull \hbox (6.78024pt too wide) has occurred while \output is active
 [][][][]  
 []

[34

 <./figuras/fig_iris_clases.png> <./figuras/fig_mnist04_clases.png>]
Overfull \hbox (6.0719pt too wide) in paragraph at lines 887--887
 [][][][]  
 []

<figuras/paper_cover.png, id=750, 545.03625pt x 343.2825pt>
File: figuras/paper_cover.png Graphic file (type png)
<use figuras/paper_cover.png>
Package pdftex.def Info: figuras/paper_cover.png  used on input line 887.
(pdftex.def)             Requested size: 146.85403pt x 92.4937pt.
File: figuras/fig_cover.png Graphic file (type png)
<use figuras/fig_cover.png>
Package pdftex.def Info: figuras/fig_cover.png  used on input line 887.
(pdftex.def)             Requested size: 139.80484pt x 92.49355pt.

Overfull \hbox (6.78024pt too wide) has occurred while \output is active
 [][][][]  
 []

[35

 <./figuras/paper_cover.png>]
Overfull \hbox (6.0719pt too wide) in paragraph at lines 899--899
 [][][][]  
 []

<figuras/fig_fronteras.png, id=770, 1074.6549pt x 351.59355pt>
File: figuras/fig_fronteras.png Graphic file (type png)
<use figuras/fig_fronteras.png>
Package pdftex.def Info: figuras/fig_fronteras.png  used on input line 899.
(pdftex.def)             Requested size: 342.2404pt x 111.97037pt.

Overfull \hbox (6.78024pt too wide) has occurred while \output is active
 [][][][]  
 []

[36

 <./figuras/fig_fronteras.png>]
Overfull \hbox (6.0719pt too wide) in paragraph at lines 928--928
 [][][][]  
 []

<figuras/fig_xor.png, id=791, 1291.4649pt x 351.2322pt>
File: figuras/fig_xor.png Graphic file (type png)
<use figuras/fig_xor.png>
Package pdftex.def Info: figuras/fig_xor.png  used on input line 928.
(pdftex.def)             Requested size: 251.41096pt x 68.37477pt.

Overfull \hbox (6.78024pt too wide) has occurred while \output is active
 [][][][]  
 []

[37

 <./figuras/fig_xor.png>]
Overfull \hbox (6.0719pt too wide) in paragraph at lines 948--948
 [][][][]  
 []

<figuras/fig_iris_mlp.png, id=810, 1273.03606pt x 351.2322pt>
File: figuras/fig_iris_mlp.png Graphic file (type png)
<use figuras/fig_iris_mlp.png>
Package pdftex.def Info: figuras/fig_iris_mlp.png  used on input line 948.
(pdftex.def)             Requested size: 216.72406pt x 59.79443pt.
<figuras/fig_mriii_bp.png, id=811, 1000.9395pt x 349.42545pt>
File: figuras/fig_mriii_bp.png Graphic file (type png)
<use figuras/fig_mriii_bp.png>
Package pdftex.def Info: figuras/fig_mriii_bp.png  used on input line 948.
(pdftex.def)             Requested size: 216.74037pt x 75.66351pt.

Overfull \hbox (6.78024pt too wide) has occurred while \output is active
 [][][][]  
 []

[38

 <./figuras/fig_iris_mlp.png> <./figuras/fig_mriii_bp.png>]
Overfull \hbox (6.0719pt too wide) in paragraph at lines 951--951
 [][][][]  
 []

[39

]
Overfull \hbox (6.0719pt too wide) in paragraph at lines 967--967
 [][][][]  
 []


Overfull \hbox (6.78024pt too wide) has occurred while \output is active
 [][][][]  
 []

[40

]
Overfull \hbox (6.0719pt too wide) in paragraph at lines 997--997
 [][][][]  
 []

[41

]
\tf@nav=\write6
\openout6 = `presentacion-widrow-lehr.nav'.

\tf@toc=\write7
\openout7 = `presentacion-widrow-lehr.toc'.

\tf@snm=\write8
\openout8 = `presentacion-widrow-lehr.snm'.

 (build/presentacion-widrow-lehr.aux
LaTeX Info: Redefining \. on input line 8.
LaTeX Info: Redefining \% on input line 8.
)
 ***********
LaTeX2e <2025-11-01>
L3 programming layer <2026-03-20>
 ***********
Package rerunfilecheck Info: File `presentacion-widrow-lehr.out' has not changed.
(rerunfilecheck)             Checksum: 000188A4E9D6E409727B0BA2E0BFB992;2267.
 ) 
Here is how much of TeX's memory you used:
 36624 strings out of 467349
 752710 string characters out of 5419856
 1201978 words of memory out of 5000000
 64681 multiletter control sequences out of 15000+600000
 778452 words of font info for 271 fonts, out of 8000000 for 9000
 1141 hyphenation exceptions out of 8191
 128i,15n,123p,1082b,1108s stack positions out of 10000i,1000n,20000p,200000b,200000s
<c:/texlive/2026/texmf-dist/fonts/type1/public/lm/lmex10.pfb><c:/texlive/2026/texmf-dist/fonts/type1/public/lm/lmmi10.pfb><c:/texlive/2026/texmf-dist/fonts/type1/public/lm/lmmi12.pfb><c:/texlive/2026/texmf-dist/fonts/type1/public/lm/lmmi6.pfb><c:/texlive/2026/texmf-dist/fonts/type1/public/lm/lmmi8.pfb><c:/texlive/2026/texmf-dist/fonts/type1/public/lm/lmmi9.pfb><c:/texlive/2026/texmf-dist/fonts/type1/public/lm/lmr10.pfb><c:/texlive/2026/texmf-dist/fonts/type1/public/lm/lmr6.pfb><c:/texlive/2026/texmf-dist/fonts/type1/public/lm/lmr8.pfb><c:/texlive/2026/texmf-dist/fonts/type1/public/lm/lmr9.pfb><c:/texlive/2026/texmf-dist/fonts/type1/public/lm/lmss10.pfb><c:/texlive/2026/texmf-dist/fonts/type1/public/lm/lmss12.pfb><c:/texlive/2026/texmf-dist/fonts/type1/public/lm/lmss8.pfb><c:/texlive/2026/texmf-dist/fonts/type1/public/lm/lmss9.pfb><c:/texlive/2026/texmf-dist/fonts/type1/public/lm/lmssbx10.pfb><c:/texlive/2026/texmf-dist/fonts/type1/public/lm/lmsso10.pfb><c:/texlive/2026/texmf-dist/fonts/type1/public/lm/lmsso12.pfb><c:/texlive/2026/texmf-dist/fonts/type1/public/lm/lmsso8.pfb><c:/texlive/2026/texmf-dist/fonts/type1/public/lm/lmsso9.pfb><c:/texlive/2026/texmf-dist/fonts/type1/public/lm/lmsy10.pfb><c:/texlive/2026/texmf-dist/fonts/type1/public/lm/lmsy8.pfb><c:/texlive/2026/texmf-dist/fonts/type1/public/lm/lmsy9.pfb><c:/texlive/2026/texmf-dist/fonts/type1/public/amsfonts/symbols/msbm10.pfb>
Output written on build/presentacion-widrow-lehr.pdf (41 pages, 3605430 bytes).
PDF statistics:
 1006 PDF objects out of 1200 (max. 8388607)
 602 compressed objects within 7 object streams
 97 named destinations out of 1000 (max. 500000)
 94725 words of extra memory for PDF output out of 106986 (max. 10000000)

