This is pdfTeX, Version 3.141592653-2.6-1.40.29 (TeX Live 2026) (preloaded format=pdflatex 2026.4.26)  2 JUL 2026 22:12
entering extended mode
 restricted \write18 enabled.
 file:line:error style messages enabled.
 %&-line parsing enabled.
**c:/Developer/data-inteligencia/proyectos/RNA/paper-elegido/formateado/latex-v2/proyecto_widrow1990/widrow1990.tex
(c:/Developer/data-inteligencia/proyectos/RNA/paper-elegido/formateado/latex-v2/proyecto_widrow1990/widrow1990.tex
LaTeX2e <2025-11-01>
L3 programming layer <2026-03-20>
(c:/texlive/2026/texmf-dist/tex/latex/base/article.cls
Document Class: article 2025/01/22 v1.4n Standard LaTeX document class
(c:/texlive/2026/texmf-dist/tex/latex/base/size10.clo
File: size10.clo 2025/01/22 v1.4n Standard LaTeX file (size option)
)
\c@part=\count275
\c@section=\count276
\c@subsection=\count277
\c@subsubsection=\count278
\c@paragraph=\count279
\c@subparagraph=\count280
\c@figure=\count281
\c@table=\count282
\abovecaptionskip=\skip49
\belowcaptionskip=\skip50
\bibindent=\dimen150
) (c:/texlive/2026/texmf-dist/tex/latex/base/fontenc.sty
Package: fontenc 2025/07/18 v2.1d Standard LaTeX package
) (c:/texlive/2026/texmf-dist/tex/latex/base/inputenc.sty
Package: inputenc 2024/02/08 v1.3d Input encoding file
\inpenc@prehook=\toks17
\inpenc@posthook=\toks18
) (c:/texlive/2026/texmf-dist/tex/latex/psnfss/times.sty
Package: times 2020/03/25 PSNFSS-v9.3 (SPQR) 
) (c:/texlive/2026/texmf-dist/tex/latex/amsmath/amsmath.sty
Package: amsmath 2025/07/09 v2.17z AMS math features
\@mathmargin=\skip51

For additional information on amsmath, use the `?' option.
(c:/texlive/2026/texmf-dist/tex/latex/amsmath/amstext.sty
Package: amstext 2024/11/17 v2.01 AMS text
 (c:/texlive/2026/texmf-dist/tex/latex/amsmath/amsgen.sty
File: amsgen.sty 1999/11/30 v2.0 generic functions
\@emptytoks=\toks19
\ex@=\dimen151
)) (c:/texlive/2026/texmf-dist/tex/latex/amsmath/amsbsy.sty
Package: amsbsy 1999/11/29 v1.2d Bold Symbols
\pmbraise@=\dimen152
) (c:/texlive/2026/texmf-dist/tex/latex/amsmath/amsopn.sty
Package: amsopn 2022/04/08 v2.04 operator names
)
\inf@bad=\count283
LaTeX Info: Redefining \frac on input line 233.
\uproot@=\count284
\leftroot@=\count285
LaTeX Info: Redefining \overline on input line 398.
LaTeX Info: Redefining \colon on input line 409.
\classnum@=\count286
\DOTSCASE@=\count287
LaTeX Info: Redefining \ldots on input line 495.
LaTeX Info: Redefining \dots on input line 498.
LaTeX Info: Redefining \cdots on input line 619.
\Mathstrutbox@=\box53
\strutbox@=\box54
LaTeX Info: Redefining \big on input line 721.
LaTeX Info: Redefining \Big on input line 722.
LaTeX Info: Redefining \bigg on input line 723.
LaTeX Info: Redefining \Bigg on input line 724.
\big@size=\dimen153
LaTeX Font Info:    Redeclaring font encoding OML on input line 742.
LaTeX Font Info:    Redeclaring font encoding OMS on input line 743.
\macc@depth=\count288
LaTeX Info: Redefining \bmod on input line 904.
LaTeX Info: Redefining \pmod on input line 909.
LaTeX Info: Redefining \smash on input line 939.
LaTeX Info: Redefining \relbar on input line 969.
LaTeX Info: Redefining \Relbar on input line 970.
\c@MaxMatrixCols=\count289
\dotsspace@=\muskip17
\c@parentequation=\count290
\dspbrk@lvl=\count291
\tag@help=\toks20
\row@=\count292
\column@=\count293
\maxfields@=\count294
\andhelp@=\toks21
\eqnshift@=\dimen154
\alignsep@=\dimen155
\tagshift@=\dimen156
\tagwidth@=\dimen157
\totwidth@=\dimen158
\lineht@=\dimen159
\@envbody=\toks22
\multlinegap=\skip52
\multlinetaggap=\skip53
\mathdisplay@stack=\toks23
LaTeX Info: Redefining \[ on input line 2950.
LaTeX Info: Redefining \] on input line 2951.
) (c:/texlive/2026/texmf-dist/tex/latex/amsfonts/amssymb.sty
Package: amssymb 2013/01/14 v3.01 AMS font symbols
 (c:/texlive/2026/texmf-dist/tex/latex/amsfonts/amsfonts.sty
Package: amsfonts 2013/01/14 v3.01 Basic AMSFonts support
\symAMSa=\mathgroup4
\symAMSb=\mathgroup5
LaTeX Font Info:    Redeclaring math symbol \hbar on input line 98.
LaTeX Font Info:    Overwriting math alphabet `\mathfrak' in version `bold'
(Font)                  U/euf/m/n --> U/euf/b/n on input line 106.
)) (c:/texlive/2026/texmf-dist/tex/latex/graphics/graphicx.sty
Package: graphicx 2024/12/31 v1.2e Enhanced LaTeX Graphics (DPC,SPQR)
 (c:/texlive/2026/texmf-dist/tex/latex/graphics/keyval.sty
Package: keyval 2022/05/29 v1.15 key=value parser (DPC)
\KV@toks@=\toks24
) (c:/texlive/2026/texmf-dist/tex/latex/graphics/graphics.sty
Package: graphics 2024/08/06 v1.4g Standard LaTeX Graphics (DPC,SPQR)
 (c:/texlive/2026/texmf-dist/tex/latex/graphics/trig.sty
Package: trig 2023/12/02 v1.11 sin cos tan (DPC)
) (c:/texlive/2026/texmf-dist/tex/latex/graphics-cfg/graphics.cfg
File: graphics.cfg 2016/06/04 v1.11 sample graphics configuration
)
Package graphics Info: Driver file: pdftex.def on input line 106.
 (c:/texlive/2026/texmf-dist/tex/latex/graphics-def/pdftex.def
File: pdftex.def 2025/09/29 v1.2d Graphics/color driver for pdftex
))
\Gin@req@height=\dimen160
\Gin@req@width=\dimen161
) (c:/texlive/2026/texmf-dist/tex/latex/tools/bm.sty
Package: bm 2025/10/21 v1.2g Bold Symbol Support (DPC/FMi)
\symboldoperators=\mathgroup6
\symboldletters=\mathgroup7
\symboldsymbols=\mathgroup8
Package bm Info: No bold for \OMX/cmex/m/n, using \pmb.
Package bm Info: No bold for \U/msa/m/n, using \pmb.
Package bm Info: No bold for \U/msb/m/n, using \pmb.
LaTeX Font Info:    Redeclaring math alphabet \mathbf on input line 149.
) (c:/texlive/2026/texmf-dist/tex/latex/geometry/geometry.sty
Package: geometry 2026/03/07 v6.0 Page Geometry
 (c:/texlive/2026/texmf-dist/tex/generic/iftex/ifvtex.sty
Package: ifvtex 2019/10/25 v1.7 ifvtex legacy package. Use iftex instead.
 (c:/texlive/2026/texmf-dist/tex/generic/iftex/iftex.sty
Package: iftex 2024/12/12 v1.0g TeX engine tests
))
\Gm@cnth=\count295
\Gm@cntv=\count296
\c@Gm@tempcnt=\count297
\Gm@bindingoffset=\dimen162
\Gm@wd@mp=\dimen163
\Gm@odd@mp=\dimen164
\Gm@even@mp=\dimen165
\Gm@layoutwidth=\dimen166
\Gm@layoutheight=\dimen167
\Gm@layouthoffset=\dimen168
\Gm@layoutvoffset=\dimen169
\Gm@dimlist=\toks25
) (c:/texlive/2026/texmf-dist/tex/latex/caption/caption.sty
Package: caption 2023/08/05 v3.6o Customizing captions (AR)
 (c:/texlive/2026/texmf-dist/tex/latex/caption/caption3.sty
Package: caption3 2023/07/31 v2.4d caption3 kernel (AR)
\caption@tempdima=\dimen170
\captionmargin=\dimen171
\caption@leftmargin=\dimen172
\caption@rightmargin=\dimen173
\caption@width=\dimen174
\caption@indent=\dimen175
\caption@parindent=\dimen176
\caption@hangindent=\dimen177
Package caption Info: Standard document class detected.
)
\c@caption@flags=\count298
\c@continuedfloat=\count299
) (c:/texlive/2026/texmf-dist/tex/latex/sttools/stfloats.sty
Package: stfloats 2025/06/18 v3.4 Improve float mechanism and baselineskip settings
\@dblbotnum=\count300
\c@dblbotnumber=\count301
) (c:/texlive/2026/texmf-dist/tex/latex/cite/cite.sty
LaTeX Info: Redefining \cite on input line 302.
LaTeX Info: Redefining \nocite on input line 332.
Package: cite 2015/02/27  v 5.5
)
LaTeX Font Info:    Trying to load font information for T1+ptm on input line 48.
 (c:/texlive/2026/texmf-dist/tex/latex/psnfss/t1ptm.fd
File: t1ptm.fd 2001/06/04 font definitions for T1/ptm.
) (c:/texlive/2026/texmf-dist/tex/latex/l3backend/l3backend-pdftex.def
File: l3backend-pdftex.def 2026-02-18 L3 backend support: PDF output (pdfTeX)
\l__color_backend_stack_int=\count302
) (build/widrow1990.aux)
\openout1 = `widrow1990.aux'.

LaTeX Font Info:    Checking defaults for OML/cmm/m/it on input line 48.
LaTeX Font Info:    ... okay on input line 48.
LaTeX Font Info:    Checking defaults for OMS/cmsy/m/n on input line 48.
LaTeX Font Info:    ... okay on input line 48.
LaTeX Font Info:    Checking defaults for OT1/cmr/m/n on input line 48.
LaTeX Font Info:    ... okay on input line 48.
LaTeX Font Info:    Checking defaults for T1/cmr/m/n on input line 48.
LaTeX Font Info:    ... okay on input line 48.
LaTeX Font Info:    Checking defaults for TS1/cmr/m/n on input line 48.
LaTeX Font Info:    ... okay on input line 48.
LaTeX Font Info:    Checking defaults for OMX/cmex/m/n on input line 48.
LaTeX Font Info:    ... okay on input line 48.
LaTeX Font Info:    Checking defaults for U/cmr/m/n on input line 48.
LaTeX Font Info:    ... okay on input line 48.
 (c:/texlive/2026/texmf-dist/tex/context/base/mkii/supp-pdf.mkii
[Loading MPS to PDF converter (version 2006.09.02).]
\scratchcounter=\count303
\scratchdimen=\dimen178
\scratchbox=\box55
\nofMPsegments=\count304
\nofMParguments=\count305
\everyMPshowfont=\toks26
\MPscratchCnt=\count306
\MPscratchDim=\dimen179
\MPnumerator=\count307
\makeMPintoPDFobject=\count308
\everyMPtoPDFconversion=\toks27
) (c:/texlive/2026/texmf-dist/tex/latex/epstopdf-pkg/epstopdf-base.sty
Package: epstopdf-base 2020-01-24 v2.11 Base part for package epstopdf
Package epstopdf-base Info: Redefining graphics rule for `.eps' on input line 485.
 (c:/texlive/2026/texmf-dist/tex/latex/latexconfig/epstopdf-sys.cfg
File: epstopdf-sys.cfg 2010/07/13 v1.3 Configuration of (r)epstopdf for TeX Live
))
*geometry* driver: auto-detecting
*geometry* detected driver: pdftex
*geometry* verbose mode - [ preamble ] result:
* driver: pdftex
* paper: <default>
* layout: <same size as paper>
* layoutoffset:(h,v)=(0.0pt,0.0pt)
* modes: 
* h-part:(L,W,R)=(43.36243pt, 527.57014pt, 43.36243pt)
* v-part:(T,H,B)=(54.2025pt, 686.56499pt, 54.2025pt)
* \paperwidth=614.295pt
* \paperheight=794.96999pt
* \textwidth=527.57014pt
* \textheight=686.56499pt
* \oddsidemargin=-28.90756pt
* \evensidemargin=-28.90756pt
* \topmargin=-55.06749pt
* \headheight=12.0pt
* \headsep=25.0pt
* \topskip=10.0pt
* \footskip=30.0pt
* \marginparwidth=4.0pt
* \marginparsep=10.0pt
* \columnsep=18.06749pt
* \skip\footins=9.0pt plus 4.0pt minus 2.0pt
* \hoffset=0.0pt
* \voffset=0.0pt
* \mag=1000
* \@twocolumntrue
* \@twosidefalse
* \@mparswitchfalse
* \@reversemarginfalse
* (1in=72.27pt=25.4mm, 1cm=28.453pt)

Package caption Info: Begin \AtBeginDocument code.
Package caption Info: End \AtBeginDocument code.
LaTeX Font Info:    Trying to load font information for U+msa on input line 49.
(c:/texlive/2026/texmf-dist/tex/latex/amsfonts/umsa.fd
File: umsa.fd 2013/01/14 v3.01 AMS symbols A
)
LaTeX Font Info:    Trying to load font information for U+msb on input line 49.
 (c:/texlive/2026/texmf-dist/tex/latex/amsfonts/umsb.fd
File: umsb.fd 2013/01/14 v3.01 AMS symbols B
) [1{c:/texlive/2026/texmf-var/fonts/map/pdftex/updmap/pdftex.map}{c:/texlive/2026/texmf-dist/fonts/enc/dvips/base/8r.enc}


] [2]
<fig/fig01.png, id=12, 423.5825pt x 281.05pt>
File: fig/fig01.png Graphic file (type png)
<use fig/fig01.png>
Package pdftex.def Info: fig/fig01.png  used on input line 291.
(pdftex.def)             Requested size: 254.75133pt x 169.03012pt.
<fig/fig02.png, id=13, 579.16376pt x 482.80376pt>
File: fig/fig02.png Graphic file (type png)
<use fig/fig02.png>
Package pdftex.def Info: fig/fig02.png  used on input line 332.
(pdftex.def)             Requested size: 254.75133pt x 212.36801pt.
 [3 <./fig/fig01.png (PNG copy)> <./fig/fig02.png (PNG copy)>]
<fig/fig03.png, id=23, 419.5675pt x 222.8325pt>
File: fig/fig03.png Graphic file (type png)
<use fig/fig03.png>
Package pdftex.def Info: fig/fig03.png  used on input line 359.
(pdftex.def)             Requested size: 216.54018pt x 115.00313pt.
<fig/fig04.png, id=24, 503.8825pt x 370.38374pt>
File: fig/fig04.png Graphic file (type png)
<use fig/fig04.png>
Package pdftex.def Info: fig/fig04.png  used on input line 379.
(pdftex.def)             Requested size: 254.75133pt x 187.25424pt.

Underfull \hbox (badness 2165) in paragraph at lines 434--447
[]\T1/ptm/m/n/10 In their 1964 dis-ser-ta-tions [61, 62], T. M. Cover and
 []

[4 <./fig/fig03.png (PNG copy)> <./fig/fig04.png (PNG copy)>]
<fig/fig05.png, id=29, 545.03625pt x 343.2825pt>
File: fig/fig05.png Graphic file (type png)
<use fig/fig05.png>
Package pdftex.def Info: fig/fig05.png  used on input line 464.
(pdftex.def)             Requested size: 254.75133pt x 160.44708pt.
<fig/fig06.png, id=30, 605.26125pt x 314.17375pt>
File: fig/fig06.png Graphic file (type png)
<use fig/fig06.png>
Package pdftex.def Info: fig/fig06.png  used on input line 522.
(pdftex.def)             Requested size: 254.75133pt x 132.23491pt.
<fig/fig07.png, id=31, 518.93875pt x 353.32pt>
File: fig/fig07.png Graphic file (type png)
<use fig/fig07.png>
Package pdftex.def Info: fig/fig07.png  used on input line 540.
(pdftex.def)             Requested size: 254.75133pt x 173.45178pt.
 [5 <./fig/fig05.png (PNG copy)> <./fig/fig06.png (PNG copy)>]
<fig/fig08.png, id=42, 663.47874pt x 349.305pt>
File: fig/fig08.png Graphic file (type png)
<use fig/fig08.png>
Package pdftex.def Info: fig/fig08.png  used on input line 595.
(pdftex.def)             Requested size: 254.75133pt x 134.11774pt.
<fig/fig09.png, id=43, 614.295pt x 598.235pt>
File: fig/fig09.png Graphic file (type png)
<use fig/fig09.png>
Package pdftex.def Info: fig/fig09.png  used on input line 605.
(pdftex.def)             Requested size: 254.75133pt x 248.08946pt.
<fig/fig10.png, id=44, 447.6725pt x 226.8475pt>
File: fig/fig10.png Graphic file (type png)
<use fig/fig10.png>
Package pdftex.def Info: fig/fig10.png  used on input line 617.
(pdftex.def)             Requested size: 203.80183pt x 103.27461pt.

Underfull \vbox (badness 5726) has occurred while \output is active []

 [6 <./fig/fig07.png (PNG copy)> <./fig/fig08.png (PNG copy)> <./fig/fig09.png (PNG copy)>]
<fig/fig11.png, id=48, 542.025pt x 292.09125pt>
File: fig/fig11.png Graphic file (type png)
<use fig/fig11.png>
Package pdftex.def Info: fig/fig11.png  used on input line 640.
(pdftex.def)             Requested size: 254.75133pt x 137.2829pt.
 [7 <./fig/fig10.png (PNG copy)> <./fig/fig11.png (PNG copy)>] [8]
Underfull \hbox (badness 10000) in paragraph at lines 877--877
[]\T1/ptm/b/n/14.4 Adaptation---The Min-i-mal Dis-tur-
 []


Underfull \hbox (badness 10000) in paragraph at lines 896--896
[]\T1/ptm/b/n/14.4 Error Cor-rec-tion Rules---Single
 []

[9]
<fig/fig12.png, id=59, 665.48625pt x 351.3125pt>
File: fig/fig12.png Graphic file (type png)
<use fig/fig12.png>
Package pdftex.def Info: fig/fig12.png  used on input line 981.
(pdftex.def)             Requested size: 229.27463pt x 121.03139pt.

Underfull \hbox (badness 7522) in paragraph at lines 1010--1018
[]\T1/ptm/m/it/10 The Per-cep-tron Learn-ing Rule: \T1/ptm/m/n/10 The Rosen-blatt $\OML/cmm/m/it/10 $\T1/ptm/m/n/10 -
 []

<fig/fig13.png, id=60, 679.53876pt x 405.515pt>
File: fig/fig13.png Graphic file (type png)
<use fig/fig13.png>
Package pdftex.def Info: fig/fig13.png  used on input line 1021.
(pdftex.def)             Requested size: 254.75133pt x 152.01823pt.
<fig/fig14.png, id=61, 589.20125pt x 513.92pt>
File: fig/fig14.png Graphic file (type png)
<use fig/fig14.png>
Package pdftex.def Info: fig/fig14.png  used on input line 1040.
(pdftex.def)             Requested size: 254.75133pt x 222.2046pt.
[10 <./fig/fig12.png (PNG copy)>] [11 <./fig/fig13.png (PNG copy)> <./fig/fig14.png (PNG copy)>]
Underfull \hbox (badness 10000) in paragraph at lines 1179--1179
[]\T1/ptm/b/n/14.4 Error-Correction Rules---Multi-
 []

<fig/fig15.png, id=69, 694.595pt x 447.6725pt>
File: fig/fig15.png Graphic file (type png)
<use fig/fig15.png>
Package pdftex.def Info: fig/fig15.png  used on input line 1194.
(pdftex.def)             Requested size: 254.75133pt x 164.18806pt.
[12 <./fig/fig15.png (PNG copy)>]
<fig/fig16.png, id=73, 592.2125pt x 428.60126pt>
File: fig/fig16.png Graphic file (type png)
<use fig/fig16.png>
Package pdftex.def Info: fig/fig16.png  used on input line 1281.
(pdftex.def)             Requested size: 254.75133pt x 184.36688pt.

Underfull \hbox (badness 10000) in paragraph at lines 1316--1316
[]\T1/ptm/b/n/14.4 Steepest-Descent Rules---Single
 []


Underfull \vbox (badness 10000) has occurred while \output is active []

 [13 <./fig/fig16.png (PNG copy)>]
<fig/fig17.png, id=78, 618.31pt x 487.8225pt>
File: fig/fig17.png Graphic file (type png)
<use fig/fig17.png>
Package pdftex.def Info: fig/fig17.png  used on input line 1419.
(pdftex.def)             Requested size: 254.75133pt x 200.99106pt.
 [14] [15 <./fig/fig17.png (PNG copy)>]
<fig/fig18.png, id=88, 694.595pt x 733.74126pt>
File: fig/fig18.png Graphic file (type png)
<use fig/fig18.png>
Package pdftex.def Info: fig/fig18.png  used on input line 1600.
(pdftex.def)             Requested size: 254.75133pt x 269.10646pt.
 [16 <./fig/fig18.png (PNG copy)>]
<fig/fig19.png, id=92, 518.93875pt x 380.42125pt>
File: fig/fig19.png Graphic file (type png)
<use fig/fig19.png>
Package pdftex.def Info: fig/fig19.png  used on input line 1658.
(pdftex.def)             Requested size: 254.75133pt x 186.75632pt.
<fig/fig20.png, id=93, 620.3175pt x 693.59125pt>
File: fig/fig20.png Graphic file (type png)
<use fig/fig20.png>
Package pdftex.def Info: fig/fig20.png  used on input line 1692.
(pdftex.def)             Requested size: 254.75133pt x 284.83992pt.
 [17 <./fig/fig19.png (PNG copy)> <./fig/fig20.png (PNG copy)>]
<fig/fig21.png, id=97, 592.2125pt x 378.41376pt>
File: fig/fig21.png Graphic file (type png)
<use fig/fig21.png>
Package pdftex.def Info: fig/fig21.png  used on input line 1768.
(pdftex.def)             Requested size: 254.75133pt x 162.77824pt.
<fig/fig22.png, id=98, 599.23875pt x 363.3575pt>
File: fig/fig22.png Graphic file (type png)
<use fig/fig22.png>
Package pdftex.def Info: fig/fig22.png  used on input line 1784.
(pdftex.def)             Requested size: 254.75133pt x 154.47202pt.
<fig/fig23.png, id=99, 600.2425pt x 375.4025pt>
File: fig/fig23.png Graphic file (type png)
<use fig/fig23.png>
Package pdftex.def Info: fig/fig23.png  used on input line 1790.
(pdftex.def)             Requested size: 254.75133pt x 159.32341pt.
<fig/fig24.png, id=100, 690.58pt x 366.36874pt>
File: fig/fig24.png Graphic file (type png)
<use fig/fig24.png>
Package pdftex.def Info: fig/fig24.png  used on input line 1796.
(pdftex.def)             Requested size: 254.75133pt x 135.14621pt.
 [18 <./fig/fig21.png (PNG copy)> <./fig/fig22.png (PNG copy)>]
Underfull \hbox (badness 10000) in paragraph at lines 1837--1837
[]\T1/ptm/b/n/14.4 Steepest-Descent Rules---Multi-
 []

<fig/fig25.png, id=104, 1016.79875pt x 654.445pt>
File: fig/fig25.png Graphic file (type png)
<use fig/fig25.png>
Package pdftex.def Info: fig/fig25.png  used on input line 1862.
(pdftex.def)             Requested size: 485.36356pt x 312.39247pt.
[19 <./fig/fig23.png (PNG copy)> <./fig/fig24.png (PNG copy)>]
<fig/fig26.png, id=109, 556.0775pt x 412.54124pt>
File: fig/fig26.png Graphic file (type png)
<use fig/fig26.png>
Package pdftex.def Info: fig/fig26.png  used on input line 1921.
(pdftex.def)             Requested size: 254.75133pt x 188.99701pt.

Underfull \vbox (badness 2591) has occurred while \output is active []

 [20 <./fig/fig25.png (PNG copy)> <./fig/fig26.png (PNG copy)>] [21] [22]
<fig/fig27.png, id=119, 616.3025pt x 759.83875pt>
File: fig/fig27.png Graphic file (type png)
<use fig/fig27.png>
Package pdftex.def Info: fig/fig27.png  used on input line 2172.
(pdftex.def)             Requested size: 229.27463pt x 282.66637pt.
<fig/fig28.png, id=120, 606.265pt x 414.54875pt>
File: fig/fig28.png Graphic file (type png)
<use fig/fig28.png>
Package pdftex.def Info: fig/fig28.png  used on input line 2187.
(pdftex.def)             Requested size: 254.75133pt x 174.19151pt.
 [23 <./fig/fig27.png (PNG copy)> <./fig/fig28.png (PNG copy)>]
Underfull \hbox (badness 2653) in paragraph at lines 2296--2305
[]\T1/ptm/m/n/10 Steepest-descent train-ing of mul-ti-layer net-works im-ple-
 []

<fig/fig29.png, id=124, 592.2125pt x 382.42876pt>
File: fig/fig29.png Graphic file (type png)
<use fig/fig29.png>
Package pdftex.def Info: fig/fig29.png  used on input line 2343.
(pdftex.def)             Requested size: 254.75133pt x 164.50534pt.
<fig/fig30.png, id=125, 574.145pt x 329.23pt>
File: fig/fig30.png Graphic file (type png)
<use fig/fig30.png>
Package pdftex.def Info: fig/fig30.png  used on input line 2350.
(pdftex.def)             Requested size: 254.75133pt x 146.07736pt.
<fig/fig31.png, id=126, 695.59875pt x 456.70625pt>
File: fig/fig31.png Graphic file (type png)
<use fig/fig31.png>
Package pdftex.def Info: fig/fig31.png  used on input line 2357.
(pdftex.def)             Requested size: 254.75133pt x 167.25737pt.
<fig/fig32.png, id=127, 612.2875pt x 416.55624pt>
File: fig/fig32.png Graphic file (type png)
<use fig/fig32.png>
Package pdftex.def Info: fig/fig32.png  used on input line 2364.
(pdftex.def)             Requested size: 254.75133pt x 173.31255pt.
[24]
<fig/fig33.png, id=131, 604.2575pt x 387.4475pt>
File: fig/fig33.png Graphic file (type png)
<use fig/fig33.png>
Package pdftex.def Info: fig/fig33.png  used on input line 2397.
(pdftex.def)             Requested size: 254.75133pt x 163.34167pt.
 [25 <./fig/fig29.png (PNG copy)> <./fig/fig30.png (PNG copy)> <./fig/fig31.png (PNG copy)> <./fig/fig32.png (PNG copy)>] [26 <./fig/fig33.png (PNG copy)>] [27]
Underfull \hbox (badness 1019) in paragraph at lines 2508--2509
[]\T1/ptm/m/n/9 A. La-pedes and R. Far-ber, ``How neu-ral net-works work,''
 []

[28] [29] [30

] (build/widrow1990.aux)
 ***********
LaTeX2e <2025-11-01>
L3 programming layer <2026-03-20>
 ***********
 ) 
Here is how much of TeX's memory you used:
 5557 strings out of 467349
 85934 string characters out of 5419856
 512398 words of memory out of 5000000
 34561 multiletter control sequences out of 15000+600000
 690752 words of font info for 126 fonts, out of 8000000 for 9000
 1141 hyphenation exceptions out of 8191
 57i,13n,65p,449b,396s stack positions out of 10000i,1000n,20000p,200000b,200000s
<c:/texlive/2026/texmf-dist/fonts/type1/public/amsfonts/cm/cmex10.pfb><c:/texlive/2026/texmf-dist/fonts/type1/public/amsfonts/cm/cmmi10.pfb><c:/texlive/2026/texmf-dist/fonts/type1/public/amsfonts/cm/cmmi5.pfb><c:/texlive/2026/texmf-dist/fonts/type1/public/amsfonts/cm/cmmi6.pfb><c:/texlive/2026/texmf-dist/fonts/type1/public/amsfonts/cm/cmmi7.pfb><c:/texlive/2026/texmf-dist/fonts/type1/public/amsfonts/cm/cmmi8.pfb><c:/texlive/2026/texmf-dist/fonts/type1/public/amsfonts/cm/cmmi9.pfb><c:/texlive/2026/texmf-dist/fonts/type1/public/amsfonts/cm/cmmib10.pfb><c:/texlive/2026/texmf-dist/fonts/type1/public/amsfonts/cmextra/cmmib7.pfb><c:/texlive/2026/texmf-dist/fonts/type1/public/amsfonts/cmextra/cmmib8.pfb><c:/texlive/2026/texmf-dist/fonts/type1/public/amsfonts/cm/cmr10.pfb><c:/texlive/2026/texmf-dist/fonts/type1/public/amsfonts/cm/cmr6.pfb><c:/texlive/2026/texmf-dist/fonts/type1/public/amsfonts/cm/cmr7.pfb><c:/texlive/2026/texmf-dist/fonts/type1/public/amsfonts/cm/cmr8.pfb><c:/texlive/2026/texmf-dist/fonts/type1/public/amsfonts/cm/cmsy10.pfb><c:/texlive/2026/texmf-dist/fonts/type1/public/amsfonts/cm/cmsy7.pfb><c:/texlive/2026/texmf-dist/fonts/type1/public/amsfonts/cm/cmsy8.pfb><c:/texlive/2026/texmf-dist/fonts/type1/public/amsfonts/symbols/msam10.pfb><c:/texlive/2026/texmf-dist/fonts/type1/urw/times/utmb8a.pfb><c:/texlive/2026/texmf-dist/fonts/type1/urw/times/utmr8a.pfb><c:/texlive/2026/texmf-dist/fonts/type1/urw/times/utmri8a.pfb>
Output written on build/widrow1990.pdf (30 pages, 1830590 bytes).
PDF statistics:
 240 PDF objects out of 1000 (max. 8388607)
 131 compressed objects within 2 object streams
 0 named destinations out of 1000 (max. 500000)
 166 words of extra memory for PDF output out of 10000 (max. 10000000)

